Archive member included to satisfy reference by file (symbol)

/opt/arm-gnu-toolchain-13.3.rel1-x86_64-arm-none-eabi/bin/../lib/gcc/arm-none-eabi/13.3.1/../../../../arm-none-eabi/lib/thumb/v6-m/nofp/libgfortran.a(string_intrinsics.o)
                              CMakeFiles/fortran_lora.dir/main.f90.obj (_gfortran_concat_string)
/opt/arm-gnu-toolchain-13.3.rel1-x86_64-arm-none-eabi/bin/../lib/gcc/arm-none-eabi/13.3.1/../../../../arm-none-eabi/lib/thumb/v6-m/nofp/libgfortran.a(memory.o)
                              /opt/arm-gnu-toolchain-13.3.rel1-x86_64-arm-none-eabi/bin/../lib/gcc/arm-none-eabi/13.3.1/../../../../arm-none-eabi/lib/thumb/v6-m/nofp/libgfortran.a(string_intrinsics.o) (_gfortrani_xmallocarray)
/opt/arm-gnu-toolchain-13.3.rel1-x86_64-arm-none-eabi/bin/../lib/gcc/arm-none-eabi/13.3.1/../../../../arm-none-eabi/lib/thumb/v6-m/nofp/libgfortran.a(error.o)
                              /opt/arm-gnu-toolchain-13.3.rel1-x86_64-arm-none-eabi/bin/../lib/gcc/arm-none-eabi/13.3.1/../../../../arm-none-eabi/lib/thumb/v6-m/nofp/libgfortran.a(memory.o) (_gfortrani_os_error)
/opt/arm-gnu-toolchain-13.3.rel1-x86_64-arm-none-eabi/bin/../lib/gcc/arm-none-eabi/13.3.1/../../../../arm-none-eabi/lib/thumb/v6-m/nofp/libgfortran.a(main.o)
                              /opt/arm-gnu-toolchain-13.3.rel1-x86_64-arm-none-eabi/bin/../lib/gcc/arm-none-eabi/13.3.1/../../../../arm-none-eabi/lib/thumb/v6-m/nofp/libgfortran.a(error.o) (_gfortrani_stupid_function_name_for_static_linking)
/opt/arm-gnu-toolchain-13.3.rel1-x86_64-arm-none-eabi/bin/../lib/gcc/arm-none-eabi/13.3.1/../../../../arm-none-eabi/lib/thumb/v6-m/nofp/libgfortran.a(unit.o)
                              /opt/arm-gnu-toolchain-13.3.rel1-x86_64-arm-none-eabi/bin/../lib/gcc/arm-none-eabi/13.3.1/../../../../arm-none-eabi/lib/thumb/v6-m/nofp/libgfortran.a(main.o) (_gfortrani_init_units)
/opt/arm-gnu-toolchain-13.3.rel1-x86_64-arm-none-eabi/bin/../lib/gcc/arm-none-eabi/13.3.1/../../../../arm-none-eabi/lib/thumb/v6-m/nofp/libgfortran.a(unix.o)
                              /opt/arm-gnu-toolchain-13.3.rel1-x86_64-arm-none-eabi/bin/../lib/gcc/arm-none-eabi/13.3.1/../../../../arm-none-eabi/lib/thumb/v6-m/nofp/libgfortran.a(unit.o) (_gfortrani_open_internal)
/opt/arm-gnu-toolchain-13.3.rel1-x86_64-arm-none-eabi/bin/../lib/gcc/arm-none-eabi/13.3.1/../../../../arm-none-eabi/lib/thumb/v6-m/nofp/libgfortran.a(fbuf.o)
                              /opt/arm-gnu-toolchain-13.3.rel1-x86_64-arm-none-eabi/bin/../lib/gcc/arm-none-eabi/13.3.1/../../../../arm-none-eabi/lib/thumb/v6-m/nofp/libgfortran.a(unit.o) (_gfortrani_fbuf_init)
/opt/arm-gnu-toolchain-13.3.rel1-x86_64-arm-none-eabi/bin/../lib/gcc/arm-none-eabi/13.3.1/../../../../arm-none-eabi/lib/thumb/v6-m/nofp/libgfortran.a(compile_options.o)
                              /opt/arm-gnu-toolchain-13.3.rel1-x86_64-arm-none-eabi/bin/../lib/gcc/arm-none-eabi/13.3.1/../../../../arm-none-eabi/lib/thumb/v6-m/nofp/libgfortran.a(error.o) (_gfortrani_compile_options)
/opt/arm-gnu-toolchain-13.3.rel1-x86_64-arm-none-eabi/bin/../lib/gcc/arm-none-eabi/13.3.1/../../../../arm-none-eabi/lib/thumb/v6-m/nofp/libgfortran.a(string.o)
                              /opt/arm-gnu-toolchain-13.3.rel1-x86_64-arm-none-eabi/bin/../lib/gcc/arm-none-eabi/13.3.1/../../../../arm-none-eabi/lib/thumb/v6-m/nofp/libgfortran.a(error.o) (_gfortrani_cf_strcpy)
/opt/arm-gnu-toolchain-13.3.rel1-x86_64-arm-none-eabi/bin/../lib/gcc/arm-none-eabi/13.3.1/../../../../arm-none-eabi/lib/thumb/v6-m/nofp/libgfortran.a(backtrace.o)
                              /opt/arm-gnu-toolchain-13.3.rel1-x86_64-arm-none-eabi/bin/../lib/gcc/arm-none-eabi/13.3.1/../../../../arm-none-eabi/lib/thumb/v6-m/nofp/libgfortran.a(error.o) (_gfortrani_show_backtrace)
/opt/arm-gnu-toolchain-13.3.rel1-x86_64-arm-none-eabi/bin/../lib/gcc/arm-none-eabi/13.3.1/../../../../arm-none-eabi/lib/thumb/v6-m/nofp/libgfortran.a(environ.o)
                              /opt/arm-gnu-toolchain-13.3.rel1-x86_64-arm-none-eabi/bin/../lib/gcc/arm-none-eabi/13.3.1/../../../../arm-none-eabi/lib/thumb/v6-m/nofp/libgfortran.a(error.o) (_gfortrani_options)
/opt/arm-gnu-toolchain-13.3.rel1-x86_64-arm-none-eabi/bin/../lib/gcc/arm-none-eabi/13.3.1/../../../../arm-none-eabi/lib/thumb/v6-m/nofp/libgfortran.a(fpu.o)
                              /opt/arm-gnu-toolchain-13.3.rel1-x86_64-arm-none-eabi/bin/../lib/gcc/arm-none-eabi/13.3.1/../../../../arm-none-eabi/lib/thumb/v6-m/nofp/libgfortran.a(main.o) (_gfortrani_set_fpu)
/opt/arm-gnu-toolchain-13.3.rel1-x86_64-arm-none-eabi/bin/../lib/gcc/arm-none-eabi/13.3.1/../../../../arm-none-eabi/lib/thumb/v6-m/nofp/libgfortran.a(format.o)
                              /opt/arm-gnu-toolchain-13.3.rel1-x86_64-arm-none-eabi/bin/../lib/gcc/arm-none-eabi/13.3.1/../../../../arm-none-eabi/lib/thumb/v6-m/nofp/libgfortran.a(unit.o) (_gfortrani_free_format_hash_table)
[...]
Memory Configuration

Name             Origin             Length             Attributes
FLASH            0x10000000         0x00200000         xr
RAM              0x20000000         0x00040000         xrw
SCRATCH_X        0x20040000         0x00001000         xrw
SCRATCH_Y        0x20041000         0x00001000         xrw
*default*        0x00000000         0xffffffff

Linker script and memory map

LOAD /opt/arm-gnu-toolchain-13.3.rel1-x86_64-arm-none-eabi/bin/../lib/gcc/arm-none-eabi/13.3.1/thumb/v6-m/nofp/crti.o
LOAD /opt/arm-gnu-toolchain-13.3.rel1-x86_64-arm-none-eabi/bin/../lib/gcc/arm-none-eabi/13.3.1/thumb/v6-m/nofp/crtbegin.o
LOAD /opt/arm-gnu-toolchain-13.3.rel1-x86_64-arm-none-eabi/bin/../lib/gcc/arm-none-eabi/13.3.1/../../../../arm-none-eabi/lib/thumb/v6-m/nofp/crt0.o

.flash_begin    0x10000000        0x0
                0x10000000                        __flash_binary_start = .

.boot2          0x10000000      0x100
                0x10000000                        __boot2_start__ = .
 *(.boot2)
 .boot2         0x10000000      0x100 pico-sdk/src/rp2040/boot_stage2/CMakeFiles/bs2_default_library.dir/bs2_default_padded_checksummed.S.o
                0x10000100                        __boot2_end__ = .
                0x00000001                        ASSERT (((__boot2_end__ - __boot2_start__) == 0x100), ERROR: Pico second stage bootloader must be 256 bytes in size)

.text           0x10000100    0x14300
                0x10000100                        __logical_binary_start = .
 *(.vectors)
 .vectors       0x10000100       0xd4 CMakeFiles/fortran_lora.dir/home/erdinc/pico-sdk/src/rp2_common/pico_crt0/crt0.S.o
                0x10000100                __vectors
                0x10000100                __VECTOR_TABLE
                0x100001c0                isr_irq30
                0x100001c0                __unhandled_user_irq
                0x100001c0                isr_irq13
                0x100001c0                isr_irq27
                0x100001c0                isr_irq31
                0x100001c0                isr_irq5
                0x100001c0                isr_irq11
                0x100001c0                isr_irq23
                0x100001c0                isr_irq18
                0x100001c0                isr_irq28
                0x100001c0                isr_irq19
                0x100001c0                isr_irq0
                0x100001c0                isr_irq6
                0x100001c0                isr_irq22
                0x100001c0                isr_irq17
                0x100001c0                isr_irq14
                0x100001c0                __vectors_end
                0x100001c0                __default_isrs_start
                0x100001c0                isr_irq2
                0x100001c0                isr_irq10
                0x100001c0                isr_irq8
                0x100001c0                isr_irq24
                0x100001c0                isr_irq1
                0x100001c0                isr_irq7
                0x100001c0                isr_irq21
                0x100001c0                isr_irq20
                0x100001c0                isr_irq15
                0x100001c0                isr_irq25
                0x100001c0                isr_irq4
                0x100001c0                isr_irq16
                0x100001c0                isr_irq29
                0x100001c0                isr_irq26
                0x100001c0                isr_irq3
                0x100001c0                isr_irq12
                0x100001c0                isr_irq9
                0x100001c6                unhandled_user_irq_num_in_r0
                0x100001c8                isr_invalid
                0x100001ca                isr_nmi
                0x100001cc                isr_hardfault
                0x100001ce                isr_svcall
                0x100001d0                isr_pendsv
                0x100001d2                isr_systick
                0x100001d4                __default_isrs_end
 *(.binary_info_header)
 .binary_info_header
                0x100001d4       0x14 CMakeFiles/fortran_lora.dir/home/erdinc/pico-sdk/src/rp2_common/pico_crt0/crt0.S.o
                0x100001e8                        __binary_info_header_end = .
 *(.embedded_block)
                0x100001e8                        __embedded_block_end = .
 *(.reset)
 .reset         0x100001e8       0x9c CMakeFiles/fortran_lora.dir/home/erdinc/pico-sdk/src/rp2_common/pico_crt0/crt0.S.o
                0x100001e8                _entry_point
 *(.init)
 .init          0x10000284        0x4 /opt/arm-gnu-toolchain-13.3.rel1-x86_64-arm-none-eabi/bin/../lib/gcc/arm-none-eabi/13.3.1/thumb/v6-m/nofp/crti.o
                0x10000284                _init
 *(EXCLUDE_FILE(*libm.a: *libc.a:*lib_a-mem*.o *libgcc.a:) .text*)
 .text.register_tm_clones
                0x10000288       0x28 /opt/arm-gnu-toolchain-13.3.rel1-x86_64-arm-none-eabi/bin/../lib/gcc/arm-none-eabi/13.3.1/thumb/v6-m/nofp/crtbegin.o
 .text.frame_dummy
                0x100002b0       0x24 /opt/arm-gnu-toolchain-13.3.rel1-x86_64-arm-none-eabi/bin/../lib/gcc/arm-none-eabi/13.3.1/thumb/v6-m/nofp/crtbegin.o
 .text.fortran_main
                0x100002d4       0xec CMakeFiles/fortran_lora.dir/main.f90.obj
                0x100002d4                fortran_main
 .text.lora_send_f
                0x100003c0       0xdc CMakeFiles/fortran_lora.dir/lora_baremetal.c.o
                0x100003c0                lora_send_f
 .text.lora_receive_f
                0x1000049c      0x11c CMakeFiles/fortran_lora.dir/lora_baremetal.c.o
                0x1000049c                lora_receive_f
 .text.pico_print
                0x100005b8       0x14 CMakeFiles/fortran_lora.dir/lora_baremetal.c.o
                0x100005b8                pico_print
 .text.pico_read_char
                0x100005cc        0xc CMakeFiles/fortran_lora.dir/lora_baremetal.c.o
                0x100005cc                pico_read_char
 .text.startup.main
                0x100005d8      0x18c CMakeFiles/fortran_lora.dir/lora_baremetal.c.o
                0x100005d8                main
 .text.ftruncate
                0x10000764        0x4 CMakeFiles/fortran_lora.dir/lora_baremetal.c.o
                0x10000764                ftruncate
 .text.__sync_bool_compare_and_swap_4
                0x10000768       0x14 CMakeFiles/fortran_lora.dir/lora_baremetal.c.o
                0x10000768                __sync_bool_compare_and_swap_4
 .text.gpio_set_function
                0x1000077c       0x34 CMakeFiles/fortran_lora.dir/home/erdinc/pico-sdk/src/rp2_common/hardware_gpio/gpio.c.o
                0x1000077c                gpio_set_function
 .text.gpio_init
                0x100007b0       0x40 CMakeFiles/fortran_lora.dir/home/erdinc/pico-sdk/src/rp2_common/hardware_gpio/gpio.c.o
                0x100007b0                gpio_init
 .text.rp2040_chip_version
                0x100007f0        0xc CMakeFiles/fortran_lora.dir/home/erdinc/pico-sdk/src/rp2040/pico_platform/platform.c.o
                0x100007f0                rp2040_chip_version
 .text.panic    0x100007fc       0x30 CMakeFiles/fortran_lora.dir/home/erdinc/pico-sdk/src/rp2_common/pico_platform_panic/panic.c.o
                0x100007fc                panic
 .text.hw_claim_or_assert
                0x1000082c       0x44 CMakeFiles/fortran_lora.dir/home/erdinc/pico-sdk/src/common/hardware_claim/claim.c.o
                0x1000082c                hw_claim_or_assert
 .text.hw_claim_unused_from_range
                0x10000870       0x9c CMakeFiles/fortran_lora.dir/home/erdinc/pico-sdk/src/common/hardware_claim/claim.c.o
                0x10000870                hw_claim_unused_from_range
 .text.next_striped_spin_lock_num
                0x1000090c       0x18 CMakeFiles/fortran_lora.dir/home/erdinc/pico-sdk/src/rp2_common/hardware_sync/sync.c.o
                0x1000090c                next_striped_spin_lock_num
 .text.spin_lock_claim_unused
                0x10000924       0x24 CMakeFiles/fortran_lora.dir/home/erdinc/pico-sdk/src/rp2_common/hardware_sync/sync.c.o
                0x10000924                spin_lock_claim_unused
 .text.spin_locks_reset
                0x10000948       0x1c CMakeFiles/fortran_lora.dir/home/erdinc/pico-sdk/src/rp2_common/hardware_sync_spin_lock/sync_spin_lock.c.o
                0x10000948                spin_locks_reset
 .text.runtime_init_per_core_irq_priorities
                0x10000964       0x24 CMakeFiles/fortran_lora.dir/home/erdinc/pico-sdk/src/rp2_common/hardware_irq/irq.c.o
                0x10000964                runtime_init_per_core_irq_priorities
 .text.irq_set_enabled
                0x10000988       0x24 CMakeFiles/fortran_lora.dir/home/erdinc/pico-sdk/src/rp2_common/hardware_irq/irq.c.o
                0x10000988                irq_set_enabled
 .text.irq_is_enabled
                0x100009ac       0x18 CMakeFiles/fortran_lora.dir/home/erdinc/pico-sdk/src/rp2_common/hardware_irq/irq.c.o
                0x100009ac                irq_is_enabled
 .text.irq_set_pending
                0x100009c4       0x10 CMakeFiles/fortran_lora.dir/home/erdinc/pico-sdk/src/rp2_common/hardware_irq/irq.c.o
                0x100009c4                irq_set_pending
 .text.irq_has_shared_handler
                0x100009d4       0x24 CMakeFiles/fortran_lora.dir/home/erdinc/pico-sdk/src/rp2_common/hardware_irq/irq.c.o
                0x100009d4                irq_has_shared_handler
 .text.irq_set_exclusive_handler
                0x100009f8       0x54 CMakeFiles/fortran_lora.dir/home/erdinc/pico-sdk/src/rp2_common/hardware_irq/irq.c.o
                0x100009f8                irq_set_exclusive_handler
 .text.irq_add_shared_handler
                0x10000a4c      0x1f4 CMakeFiles/fortran_lora.dir/home/erdinc/pico-sdk/src/rp2_common/hardware_irq/irq.c.o
                0x10000a4c                irq_add_shared_handler
 .text.irq_add_tail_to_free_list
                0x10000c40       0xb4 CMakeFiles/fortran_lora.dir/home/erdinc/pico-sdk/src/rp2_common/hardware_irq/irq.c.o
                0x10000c40                irq_add_tail_to_free_list
 .text.user_irq_claim_unused
                0x10000cf4       0x2c CMakeFiles/fortran_lora.dir/home/erdinc/pico-sdk/src/rp2_common/hardware_irq/irq.c.o
                0x10000cf4                user_irq_claim_unused
 .text.lock_init
                0x10000d20       0x10 CMakeFiles/fortran_lora.dir/home/erdinc/pico-sdk/src/common/pico_sync/lock_core.c.o
                0x10000d20                lock_init
 .text.runtime_init_mutex
                0x10000d30       0x50 CMakeFiles/fortran_lora.dir/home/erdinc/pico-sdk/src/common/pico_sync/mutex.c.o
                0x10000d30                runtime_init_mutex
 .text.mutex_init
                0x10000d80       0x1c CMakeFiles/fortran_lora.dir/home/erdinc/pico-sdk/src/common/pico_sync/mutex.c.o
                0x10000d80                mutex_init
 .text.critical_section_init
                0x10000d9c       0x1c CMakeFiles/fortran_lora.dir/home/erdinc/pico-sdk/src/common/pico_sync/critical_section.c.o
                0x10000d9c                critical_section_init
 .text.critical_section_init_with_lock_num
                0x10000db8       0x14 CMakeFiles/fortran_lora.dir/home/erdinc/pico-sdk/src/common/pico_sync/critical_section.c.o
                0x10000db8                critical_section_init_with_lock_num
 .text.sleep_until_callback
                0x10000dcc       0x30 CMakeFiles/fortran_lora.dir/home/erdinc/pico-sdk/src/common/pico_time/time.c.o
 .text.alarm_pool_irq_handler
                0x10000dfc      0x2fc CMakeFiles/fortran_lora.dir/home/erdinc/pico-sdk/src/common/pico_time/time.c.o
 .text.runtime_init_default_alarm_pool
                0x100010f8       0xdc CMakeFiles/fortran_lora.dir/home/erdinc/pico-sdk/src/common/pico_time/time.c.o
                0x100010f8                runtime_init_default_alarm_pool
 .text.alarm_pool_get_default
                0x100011d4        0x8 CMakeFiles/fortran_lora.dir/home/erdinc/pico-sdk/src/common/pico_time/time.c.o
                0x100011d4                alarm_pool_get_default
 .text.alarm_pool_add_alarm_at
                0x100011dc       0xd4 CMakeFiles/fortran_lora.dir/home/erdinc/pico-sdk/src/common/pico_time/time.c.o
                0x100011dc                alarm_pool_add_alarm_at
 .text.alarm_pool_add_alarm_at_force_in_context
                0x100012b0       0xb0 CMakeFiles/fortran_lora.dir/home/erdinc/pico-sdk/src/common/pico_time/time.c.o
                0x100012b0                alarm_pool_add_alarm_at_force_in_context
 .text.alarm_pool_cancel_alarm
                0x10001360       0x74 CMakeFiles/fortran_lora.dir/home/erdinc/pico-sdk/src/common/pico_time/time.c.o
                0x10001360                alarm_pool_cancel_alarm
 .text.alarm_pool_core_num
                0x100013d4        0x4 CMakeFiles/fortran_lora.dir/home/erdinc/pico-sdk/src/common/pico_time/time.c.o
                0x100013d4                alarm_pool_core_num
 .text.sleep_until
                0x100013d8       0xd8 CMakeFiles/fortran_lora.dir/home/erdinc/pico-sdk/src/common/pico_time/time.c.o
                0x100013d8                sleep_until
 .text.sleep_ms
                0x100014b0       0x38 CMakeFiles/fortran_lora.dir/home/erdinc/pico-sdk/src/common/pico_time/time.c.o
                0x100014b0                sleep_ms
 .text.best_effort_wfe_or_timeout
                0x100014e8       0xf8 CMakeFiles/fortran_lora.dir/home/erdinc/pico-sdk/src/common/pico_time/time.c.o
                0x100014e8                best_effort_wfe_or_timeout
 .text.timer_hardware_alarm_claim
                0x100015e0       0x14 CMakeFiles/fortran_lora.dir/home/erdinc/pico-sdk/src/rp2_common/hardware_timer/timer.c.o
                0x100015e0                timer_hardware_alarm_claim
 .text.timer_time_us_64
                0x100015f4       0x10 CMakeFiles/fortran_lora.dir/home/erdinc/pico-sdk/src/rp2_common/hardware_timer/timer.c.o
                0x100015f4                timer_time_us_64
 .text.time_us_64
                0x10001604       0x14 CMakeFiles/fortran_lora.dir/home/erdinc/pico-sdk/src/rp2_common/hardware_timer/timer.c.o
                0x10001604                time_us_64
 .text.busy_wait_us
                0x10001618       0x68 CMakeFiles/fortran_lora.dir/home/erdinc/pico-sdk/src/rp2_common/hardware_timer/timer.c.o
                0x10001618                busy_wait_us
 .text.busy_wait_until
                0x10001680       0x20 CMakeFiles/fortran_lora.dir/home/erdinc/pico-sdk/src/rp2_common/hardware_timer/timer.c.o
                0x10001680                busy_wait_until
 .text.clock_configure_int_divider
                0x100016a0       0xf4 CMakeFiles/fortran_lora.dir/home/erdinc/pico-sdk/src/rp2_common/hardware_clocks/clocks.c.o
                0x100016a0                clock_configure_int_divider
 .text.clock_configure_undivided
                0x10001794       0xe8 CMakeFiles/fortran_lora.dir/home/erdinc/pico-sdk/src/rp2_common/hardware_clocks/clocks.c.o
                0x10001794                clock_configure_undivided
 .text.clock_get_hz
                0x1000187c        0xc CMakeFiles/fortran_lora.dir/home/erdinc/pico-sdk/src/rp2_common/hardware_clocks/clocks.c.o
                0x1000187c                clock_get_hz
 .text.pll_init
                0x10001888       0xa4 CMakeFiles/fortran_lora.dir/home/erdinc/pico-sdk/src/rp2_common/hardware_pll/pll.c.o
                0x10001888                pll_init
 .text.watchdog_reboot
                0x1000192c       0x9c CMakeFiles/fortran_lora.dir/home/erdinc/pico-sdk/src/rp2_common/hardware_watchdog/watchdog.c.o
                0x1000192c                watchdog_reboot
 .text.tick_start
                0x100019c8       0x10 CMakeFiles/fortran_lora.dir/home/erdinc/pico-sdk/src/rp2_common/hardware_ticks/ticks.c.o
                0x100019c8                tick_start
 .text.rom_func_lookup
                0x100019d8       0x10 CMakeFiles/fortran_lora.dir/home/erdinc/pico-sdk/src/rp2_common/pico_bootrom/bootrom.c.o
                0x100019d8                rom_func_lookup
 .text.rom_data_lookup
                0x100019e8       0x10 CMakeFiles/fortran_lora.dir/home/erdinc/pico-sdk/src/rp2_common/pico_bootrom/bootrom.c.o
                0x100019e8                rom_data_lookup
 .text.rom_funcs_lookup
                0x100019f8       0x44 CMakeFiles/fortran_lora.dir/home/erdinc/pico-sdk/src/rp2_common/pico_bootrom/bootrom.c.o
                0x100019f8                rom_funcs_lookup
 .text.rom_reset_usb_boot_extra
                0x10001a3c       0x28 CMakeFiles/fortran_lora.dir/home/erdinc/pico-sdk/src/rp2_common/pico_bootrom/bootrom.c.o
                0x10001a3c                rom_reset_usb_boot_extra
 .text.xosc_init
                0x10001a64       0x28 CMakeFiles/fortran_lora.dir/home/erdinc/pico-sdk/src/rp2_common/hardware_xosc/xosc.c.o
                0x10001a64                xosc_init
 .text.first_per_core_initializer
                0x10001a8c        0x4 CMakeFiles/fortran_lora.dir/home/erdinc/pico-sdk/src/rp2_common/pico_runtime/runtime.c.o
 .text.hard_assertion_failure
                0x10001a90        0xc CMakeFiles/fortran_lora.dir/home/erdinc/pico-sdk/src/rp2_common/pico_runtime/runtime.c.o
                0x10001a90                hard_assertion_failure
 .text.runtime_run_initializers
                0x10001a9c       0x28 CMakeFiles/fortran_lora.dir/home/erdinc/pico-sdk/src/rp2_common/pico_runtime/runtime.c.o
                0x10001a9c                runtime_run_initializers
 .text.runtime_init_early_resets
                0x10001ac4       0x2c CMakeFiles/fortran_lora.dir/home/erdinc/pico-sdk/src/rp2_common/pico_runtime_init/runtime_init.c.o
                0x10001ac4                runtime_init_early_resets
 .text.runtime_init_usb_power_down
                0x10001af0       0x1c CMakeFiles/fortran_lora.dir/home/erdinc/pico-sdk/src/rp2_common/pico_runtime_init/runtime_init.c.o
                0x10001af0                runtime_init_usb_power_down
 .text.runtime_init_post_clock_resets
                0x10001b0c       0x20 CMakeFiles/fortran_lora.dir/home/erdinc/pico-sdk/src/rp2_common/pico_runtime_init/runtime_init.c.o
                0x10001b0c                runtime_init_post_clock_resets
 .text.runtime_init_rp2040_gpio_ie_disable
                0x10001b2c       0x14 CMakeFiles/fortran_lora.dir/home/erdinc/pico-sdk/src/rp2_common/pico_runtime_init/runtime_init.c.o
                0x10001b2c                runtime_init_rp2040_gpio_ie_disable
 .text.runtime_init_spin_locks_reset
                0x10001b40        0x8 CMakeFiles/fortran_lora.dir/home/erdinc/pico-sdk/src/rp2_common/pico_runtime_init/runtime_init.c.o
                0x10001b40                runtime_init_spin_locks_reset
 .text.runtime_init_install_ram_vector_table
                0x10001b48       0xb4 CMakeFiles/fortran_lora.dir/home/erdinc/pico-sdk/src/rp2_common/pico_runtime_init/runtime_init.c.o
                0x10001b48                runtime_init_install_ram_vector_table
 .text.runtime_init_clocks
                0x10001bfc       0xd8 CMakeFiles/fortran_lora.dir/home/erdinc/pico-sdk/src/rp2_common/pico_runtime_init/runtime_init_clocks.c.o
                0x10001bfc                runtime_init_clocks
 .text          0x10001cd4       0x10 CMakeFiles/fortran_lora.dir/home/erdinc/pico-sdk/src/rp2_common/pico_bit_ops/bit_ops_aeabi.S.o
 .text.clzsi    0x10001ce4        0xc CMakeFiles/fortran_lora.dir/home/erdinc/pico-sdk/src/rp2_common/pico_bit_ops/bit_ops_aeabi.S.o
                0x10001ce4                __wrap___clz
                0x10001ce4                __wrap___clzsi2
                0x10001ce4                __wrap___clzl
 .text.__wrap___aeabi_idiv
                0x10001cf0       0x50 CMakeFiles/fortran_lora.dir/home/erdinc/pico-sdk/src/rp2_common/pico_divider/divider_hardware.S.o
                0x10001cf0                __wrap___aeabi_idivmod
                0x10001cf0                divmod_s32s32
                0x10001cf0                div_s32s32
                0x10001cf0                __wrap___aeabi_idiv
                0x10001cf8                divmod_s32s32_unsafe
                0x10001d24                divmod_s32s32_savestate
 .text.__wrap___aeabi_uidiv
                0x10001d40       0x4c CMakeFiles/fortran_lora.dir/home/erdinc/pico-sdk/src/rp2_common/pico_divider/divider_hardware.S.o
                0x10001d40                __wrap___aeabi_uidiv
                0x10001d40                __wrap___aeabi_uidivmod
                0x10001d40                div_u32u32
                0x10001d40                divmod_u32u32
                0x10001d48                divmod_u32u32_unsafe
                0x10001d70                divmod_u32u32_savestate
 .text.__wrap___aeabi_ldiv
                0x10001d8c      0x424 CMakeFiles/fortran_lora.dir/home/erdinc/pico-sdk/src/rp2_common/pico_divider/divider_hardware.S.o
                0x10001d8c                div_s64s64
                0x10001d8c                divmod_s64s64
                0x10001d8c                __wrap___aeabi_ldivmod
                0x10001dbc                div_u64u64
                0x10001dbc                divmod_u64u64
                0x10001dbc                __wrap___aeabi_uldivmod
                0x10001dcc                divmod_u64u64_savestate
                0x10001dec                divmod_s64s64_unsafe
                0x10001e74                divmod_u64u64_unsafe
 .text.__wrap___aeabi_darithmetic
                0x100021b0       0x80 CMakeFiles/fortran_lora.dir/home/erdinc/pico-sdk/src/rp2_common/pico_double/double_aeabi_rp2040.S.o
                0x100021b0                __wrap___aeabi_drsub
                0x100021b6                __wrap___aeabi_dsub
                0x100021c8                __wrap___aeabi_dadd
                0x100021da                __wrap___aeabi_ddiv
                0x10002216                __wrap___aeabi_dmul
 .text.__wrap___aeabi_cdcmple
                0x10002230       0x6c CMakeFiles/fortran_lora.dir/home/erdinc/pico-sdk/src/rp2_common/pico_double/double_aeabi_rp2040.S.o
                0x10002230                __wrap___aeabi_cdrcmple
                0x10002240                __wrap___aeabi_cdcmple
                0x10002240                __wrap___aeabi_cdcmpeq
 .text.__wrap___aeabi_dcmplt
                0x1000229c        0xc CMakeFiles/fortran_lora.dir/home/erdinc/pico-sdk/src/rp2_common/pico_double/double_aeabi_rp2040.S.o
                0x1000229c                __wrap___aeabi_dcmplt
 .text.__wrap___aeabi_dcmpge
                0x100022a8       0x10 CMakeFiles/fortran_lora.dir/home/erdinc/pico-sdk/src/rp2_common/pico_double/double_aeabi_rp2040.S.o
                0x100022a8                __wrap___aeabi_dcmpge
 .text.__wrap___aeabi_dcmpgt
                0x100022b8        0xa CMakeFiles/fortran_lora.dir/home/erdinc/pico-sdk/src/rp2_common/pico_double/double_aeabi_rp2040.S.o
                0x100022b8                __wrap___aeabi_dcmpgt
 .text.__wrap___aeabi_dcmpun
                0x100022c2       0x18 CMakeFiles/fortran_lora.dir/home/erdinc/pico-sdk/src/rp2_common/pico_double/double_aeabi_rp2040.S.o
                0x100022c2                __wrap___aeabi_dcmpun
 *fill*         0x100022da        0x2 
 .text.__wrap___aeabi_i2d
                0x100022dc       0x38 CMakeFiles/fortran_lora.dir/home/erdinc/pico-sdk/src/rp2_common/pico_double/double_aeabi_rp2040.S.o
                0x100022dc                __wrap___aeabi_ui2d
                0x100022dc                uint2double
                0x100022e4                __wrap___aeabi_i2d
                0x100022e4                int2double
 .text.__wrap___aeabi_d2iz
                0x10002314       0x48 CMakeFiles/fortran_lora.dir/home/erdinc/pico-sdk/src/rp2_common/pico_double/double_aeabi_rp2040.S.o
                0x10002314                __wrap___aeabi_d2iz
                0x10002314                double2int_z
 .text.__wrap___aeabi_d2uiz
                0x1000235c       0x18 CMakeFiles/fortran_lora.dir/home/erdinc/pico-sdk/src/rp2_common/pico_double/double_aeabi_rp2040.S.o
                0x1000235c                double2uint_z
                0x1000235c                double2uint
                0x1000235c                __wrap___aeabi_d2uiz
 .text.__aeabi_double_init
                0x10002374       0xa4 CMakeFiles/fortran_lora.dir/home/erdinc/pico-sdk/src/rp2_common/pico_double/double_init_rom_rp2040.c.o
                0x10002374                __aeabi_double_init
 .text.double_table_shim_on_use_helper
                0x10002418       0x2c CMakeFiles/fortran_lora.dir/home/erdinc/pico-sdk/src/rp2_common/pico_double/double_v1_rom_shim_rp2040.S.o
                0x10002418                double_table_shim_on_use_helper
 .text.__wrap___aeabi_dsub
                0x10002444       0x10 CMakeFiles/fortran_lora.dir/home/erdinc/pico-sdk/src/rp2_common/pico_double/double_v1_rom_shim_rp2040.S.o
                0x10002444                drsub_shim
                0x1000244a                dsub_shim
 .text.dadd_shim
                0x10002454      0x15c CMakeFiles/fortran_lora.dir/home/erdinc/pico-sdk/src/rp2_common/pico_double/double_v1_rom_shim_rp2040.S.o
                0x10002454                dadd_shim
 .text.dmul_shim
                0x100025b0      0x15c CMakeFiles/fortran_lora.dir/home/erdinc/pico-sdk/src/rp2_common/pico_double/double_v1_rom_shim_rp2040.S.o
                0x100025b0                dmul_shim
 .text.ddiv_shim
                0x1000270c      0x1b0 CMakeFiles/fortran_lora.dir/home/erdinc/pico-sdk/src/rp2_common/pico_double/double_v1_rom_shim_rp2040.S.o
                0x1000270c                ddiv_shim
 .text.double2uint_shim
                0x100028bc        0xe CMakeFiles/fortran_lora.dir/home/erdinc/pico-sdk/src/rp2_common/pico_double/double_v1_rom_shim_rp2040.S.o
                0x100028bc                double2uint_shim
                0x100028be                double2ufix_shim
 *fill*         0x100028ca        0x2 
 .text.double2uint64_shim
                0x100028cc       0x70 CMakeFiles/fortran_lora.dir/home/erdinc/pico-sdk/src/rp2_common/pico_double/double_v1_rom_shim_rp2040.S.o
                0x100028cc                double2uint64_shim
                0x100028ce                double2ufix64_shim
                0x100028ee                d2fix_a
 .text.dunpacks
                0x1000293c       0x3c CMakeFiles/fortran_lora.dir/home/erdinc/pico-sdk/src/rp2_common/pico_double/double_v1_rom_shim_rp2040.S.o
                0x1000293c                dunpacks
 .text.__aeabi_lmul
                0x10002978       0x32 CMakeFiles/fortran_lora.dir/home/erdinc/pico-sdk/src/rp2_common/pico_int64_ops/pico_int64_ops_aeabi.S.o
                0x10002978                __wrap___aeabi_lmul
 *fill*         0x100029aa        0x2 
 .text.__aeabi_float_init
                0x100029ac       0x64 CMakeFiles/fortran_lora.dir/home/erdinc/pico-sdk/src/rp2_common/pico_float/float_init_rom_rp2040.c.o
                0x100029ac                __aeabi_float_init
 .text.float_table_shim_on_use_helper
                0x10002a10       0x2c CMakeFiles/fortran_lora.dir/home/erdinc/pico-sdk/src/rp2_common/pico_float/float_v1_rom_shim_rp2040.S.o
                0x10002a10                float_table_shim_on_use_helper
 .text.__wrap_malloc
                0x10002a3c       0x24 CMakeFiles/fortran_lora.dir/home/erdinc/pico-sdk/src/rp2_common/pico_malloc/malloc.c.o
                0x10002a3c                __wrap_malloc
 .text.__wrap_calloc
                0x10002a60       0x28 CMakeFiles/fortran_lora.dir/home/erdinc/pico-sdk/src/rp2_common/pico_malloc/malloc.c.o
                0x10002a60                __wrap_calloc
 .text.__wrap_realloc
                0x10002a88       0x24 CMakeFiles/fortran_lora.dir/home/erdinc/pico-sdk/src/rp2_common/pico_malloc/malloc.c.o
                0x10002a88                __wrap_realloc
 .text.__wrap_free
                0x10002aac        0x8 CMakeFiles/fortran_lora.dir/home/erdinc/pico-sdk/src/rp2_common/pico_malloc/malloc.c.o
                0x10002aac                __wrap_free
 .text          0x10002ab4       0x10 CMakeFiles/fortran_lora.dir/home/erdinc/pico-sdk/src/rp2_common/pico_mem_ops/mem_ops_aeabi.S.o
                0x10002ab4                __aeabi_mem_init
 .text.memset   0x10002ac4        0xc CMakeFiles/fortran_lora.dir/home/erdinc/pico-sdk/src/rp2_common/pico_mem_ops/mem_ops_aeabi.S.o
                0x10002ac4                __wrap_memset
 .text.memcpy   0x10002ad0        0xc CMakeFiles/fortran_lora.dir/home/erdinc/pico-sdk/src/rp2_common/pico_mem_ops/mem_ops_aeabi.S.o
                0x10002ad0                __wrap___aeabi_memcpy
                0x10002ad0                __wrap_memcpy
 .text._out_buffer
                0x10002adc        0x8 CMakeFiles/fortran_lora.dir/home/erdinc/pico-sdk/src/rp2_common/pico_printf/printf.c.o
 .text._out_null
                0x10002ae4        0x4 CMakeFiles/fortran_lora.dir/home/erdinc/pico-sdk/src/rp2_common/pico_printf/printf.c.o
 .text._out_rev
                0x10002ae8       0xac CMakeFiles/fortran_lora.dir/home/erdinc/pico-sdk/src/rp2_common/pico_printf/printf.c.o
 .text._ntoa_format
                0x10002b94      0x250 CMakeFiles/fortran_lora.dir/home/erdinc/pico-sdk/src/rp2_common/pico_printf/printf.c.o
 .text._out_char
                0x10002de4       0x10 CMakeFiles/fortran_lora.dir/home/erdinc/pico-sdk/src/rp2_common/pico_printf/printf.c.o
 .text._out_fct
                0x10002df4       0x10 CMakeFiles/fortran_lora.dir/home/erdinc/pico-sdk/src/rp2_common/pico_printf/printf.c.o
 .text._etoa    0x10002e04      0x464 CMakeFiles/fortran_lora.dir/home/erdinc/pico-sdk/src/rp2_common/pico_printf/printf.c.o
 .text._ftoa    0x10003268      0x3c0 CMakeFiles/fortran_lora.dir/home/erdinc/pico-sdk/src/rp2_common/pico_printf/printf.c.o
 .text._vsnprintf
                0x10003628      0xbc8 CMakeFiles/fortran_lora.dir/home/erdinc/pico-sdk/src/rp2_common/pico_printf/printf.c.o
 .text.__wrap_snprintf
                0x100041f0       0x28 CMakeFiles/fortran_lora.dir/home/erdinc/pico-sdk/src/rp2_common/pico_printf/printf.c.o
                0x100041f0                __wrap_snprintf
 .text.__wrap_vsnprintf
                0x10004218       0x1c CMakeFiles/fortran_lora.dir/home/erdinc/pico-sdk/src/rp2_common/pico_printf/printf.c.o
                0x10004218                __wrap_vsnprintf
 .text.vfctprintf
                0x10004234       0x20 CMakeFiles/fortran_lora.dir/home/erdinc/pico-sdk/src/rp2_common/pico_printf/printf.c.o
                0x10004234                vfctprintf
 .text.weak_raw_vprintf
                0x10004254       0x30 CMakeFiles/fortran_lora.dir/home/erdinc/pico-sdk/src/rp2_common/pico_printf/printf.c.o
                0x10004254                weak_raw_vprintf
 .text._exit    0x10004284        0x4 CMakeFiles/fortran_lora.dir/home/erdinc/pico-sdk/src/rp2_common/pico_clib_interface/newlib_interface.c.o
                0x10004284                _exit
 .text._sbrk    0x10004288       0x34 CMakeFiles/fortran_lora.dir/home/erdinc/pico-sdk/src/rp2_common/pico_clib_interface/newlib_interface.c.o
                0x10004288                _sbrk
 .text._getpid  0x100042bc        0x4 CMakeFiles/fortran_lora.dir/home/erdinc/pico-sdk/src/rp2_common/pico_clib_interface/newlib_interface.c.o
                0x100042bc                _getpid
 .text._kill    0x100042c0        0x8 CMakeFiles/fortran_lora.dir/home/erdinc/pico-sdk/src/rp2_common/pico_clib_interface/newlib_interface.c.o
                0x100042c0                _kill
 .text._read    0x100042c8       0x24 CMakeFiles/fortran_lora.dir/home/erdinc/pico-sdk/src/rp2_common/pico_clib_interface/newlib_interface.c.o
                0x100042c8                _read
 .text._write   0x100042ec       0x24 CMakeFiles/fortran_lora.dir/home/erdinc/pico-sdk/src/rp2_common/pico_clib_interface/newlib_interface.c.o
                0x100042ec                _write
 .text._open    0x10004310        0xc CMakeFiles/fortran_lora.dir/home/erdinc/pico-sdk/src/rp2_common/pico_clib_interface/newlib_interface.c.o
                0x10004310                _open
 .text._close   0x1000431c        0x8 CMakeFiles/fortran_lora.dir/home/erdinc/pico-sdk/src/rp2_common/pico_clib_interface/newlib_interface.c.o
                0x1000431c                _close
 .text._lseek   0x10004324        0x8 CMakeFiles/fortran_lora.dir/home/erdinc/pico-sdk/src/rp2_common/pico_clib_interface/newlib_interface.c.o
                0x10004324                _lseek
 .text._fstat   0x1000432c        0x8 CMakeFiles/fortran_lora.dir/home/erdinc/pico-sdk/src/rp2_common/pico_clib_interface/newlib_interface.c.o
                0x1000432c                _fstat
 .text.exit     0x10004334        0x8 CMakeFiles/fortran_lora.dir/home/erdinc/pico-sdk/src/rp2_common/pico_clib_interface/newlib_interface.c.o
                0x10004334                exit
 .text.runtime_init
                0x1000433c       0x2c CMakeFiles/fortran_lora.dir/home/erdinc/pico-sdk/src/rp2_common/pico_clib_interface/newlib_interface.c.o
                0x1000433c                runtime_init
 .text.stdio_out_chars_no_crlf
                0x10004368       0x10 CMakeFiles/fortran_lora.dir/home/erdinc/pico-sdk/src/rp2_common/pico_stdio/stdio.c.o
 .text.stdio_out_chars_crlf
                0x10004378       0x94 CMakeFiles/fortran_lora.dir/home/erdinc/pico-sdk/src/rp2_common/pico_stdio/stdio.c.o
 .text.stdio_buffered_printer
                0x1000440c       0x64 CMakeFiles/fortran_lora.dir/home/erdinc/pico-sdk/src/rp2_common/pico_stdio/stdio.c.o
 .text.stdio_put_string
                0x10004470      0x100 CMakeFiles/fortran_lora.dir/home/erdinc/pico-sdk/src/rp2_common/pico_stdio/stdio.c.o
                0x10004470                stdio_put_string
 .text.stdio_get_until
                0x10004570       0x84 CMakeFiles/fortran_lora.dir/home/erdinc/pico-sdk/src/rp2_common/pico_stdio/stdio.c.o
                0x10004570                stdio_get_until
 .text.stdio_set_driver_enabled
                0x100045f4       0x30 CMakeFiles/fortran_lora.dir/home/erdinc/pico-sdk/src/rp2_common/pico_stdio/stdio.c.o
                0x100045f4                stdio_set_driver_enabled
 .text.stdio_init_all
                0x10004624        0x8 CMakeFiles/fortran_lora.dir/home/erdinc/pico-sdk/src/rp2_common/pico_stdio/stdio.c.o
                0x10004624                stdio_init_all
 .text.stdio_getchar_timeout_us
                0x1000462c       0x98 CMakeFiles/fortran_lora.dir/home/erdinc/pico-sdk/src/rp2_common/pico_stdio/stdio.c.o
                0x1000462c                stdio_getchar_timeout_us
 .text.__wrap_putchar
                0x100046c4       0x98 CMakeFiles/fortran_lora.dir/home/erdinc/pico-sdk/src/rp2_common/pico_stdio/stdio.c.o
                0x100046c4                stdio_putchar
                0x100046c4                __wrap_putchar
 .text.__wrap_puts
                0x1000475c       0x3c CMakeFiles/fortran_lora.dir/home/erdinc/pico-sdk/src/rp2_common/pico_stdio/stdio.c.o
                0x1000475c                __wrap_puts
                0x1000475c                stdio_puts
 .text.__wrap_vprintf
                0x10004798       0xd4 CMakeFiles/fortran_lora.dir/home/erdinc/pico-sdk/src/rp2_common/pico_stdio/stdio.c.o
                0x10004798                __wrap_vprintf
                0x10004798                stdio_vprintf
 .text.__wrap_printf
                0x1000486c       0x18 CMakeFiles/fortran_lora.dir/home/erdinc/pico-sdk/src/rp2_common/pico_stdio/stdio.c.o
                0x1000486c                stdio_printf
                0x1000486c                __wrap_printf
 .text.resetd_init
                0x10004884        0x4 CMakeFiles/fortran_lora.dir/home/erdinc/pico-sdk/src/rp2_common/pico_stdio_usb/reset_interface.c.o
 .text.resetd_reset
                0x10004888        0xc CMakeFiles/fortran_lora.dir/home/erdinc/pico-sdk/src/rp2_common/pico_stdio_usb/reset_interface.c.o
 .text.resetd_open
                0x10004894       0x28 CMakeFiles/fortran_lora.dir/home/erdinc/pico-sdk/src/rp2_common/pico_stdio_usb/reset_interface.c.o
 .text.resetd_xfer_cb
                0x100048bc        0x4 CMakeFiles/fortran_lora.dir/home/erdinc/pico-sdk/src/rp2_common/pico_stdio_usb/reset_interface.c.o
 .text.resetd_control_xfer_cb
                0x100048c0       0x5c CMakeFiles/fortran_lora.dir/home/erdinc/pico-sdk/src/rp2_common/pico_stdio_usb/reset_interface.c.o
 .text.tud_descriptor_bos_cb
                0x1000491c        0x8 CMakeFiles/fortran_lora.dir/home/erdinc/pico-sdk/src/rp2_common/pico_stdio_usb/reset_interface.c.o
                0x1000491c                tud_descriptor_bos_cb
 .text.tud_vendor_control_xfer_cb
                0x10004924       0x34 CMakeFiles/fortran_lora.dir/home/erdinc/pico-sdk/src/rp2_common/pico_stdio_usb/reset_interface.c.o
                0x10004924                tud_vendor_control_xfer_cb
 .text.usbd_app_driver_get_cb
                0x10004958        0xc CMakeFiles/fortran_lora.dir/home/erdinc/pico-sdk/src/rp2_common/pico_stdio_usb/reset_interface.c.o
                0x10004958                usbd_app_driver_get_cb
 .text.tud_cdc_line_coding_cb
                0x10004964       0x2c CMakeFiles/fortran_lora.dir/home/erdinc/pico-sdk/src/rp2_common/pico_stdio_usb/reset_interface.c.o
                0x10004964                tud_cdc_line_coding_cb
 .text.stdio_usb_set_chars_available_callback
                0x10004990       0x14 CMakeFiles/fortran_lora.dir/home/erdinc/pico-sdk/src/rp2_common/pico_stdio_usb/stdio_usb.c.o
                0x10004990                stdio_usb_set_chars_available_callback
 .text.usb_irq  0x100049a4       0x10 CMakeFiles/fortran_lora.dir/home/erdinc/pico-sdk/src/rp2_common/pico_stdio_usb/stdio_usb.c.o
 .text.timer_task
                0x100049b4       0x64 CMakeFiles/fortran_lora.dir/home/erdinc/pico-sdk/src/rp2_common/pico_stdio_usb/stdio_usb.c.o
 .text.stdio_usb_in_chars
                0x10004a18       0x90 CMakeFiles/fortran_lora.dir/home/erdinc/pico-sdk/src/rp2_common/pico_stdio_usb/stdio_usb.c.o
                0x10004a18                stdio_usb_in_chars
 .text.stdio_usb_out_flush
                0x10004aa8       0x50 CMakeFiles/fortran_lora.dir/home/erdinc/pico-sdk/src/rp2_common/pico_stdio_usb/stdio_usb.c.o
 .text.stdio_usb_out_chars
                0x10004af8      0x104 CMakeFiles/fortran_lora.dir/home/erdinc/pico-sdk/src/rp2_common/pico_stdio_usb/stdio_usb.c.o
 .text.low_priority_worker_irq
                0x10004bfc       0xcc CMakeFiles/fortran_lora.dir/home/erdinc/pico-sdk/src/rp2_common/pico_stdio_usb/stdio_usb.c.o
 .text.stdio_usb_init
                0x10004cc8       0xec CMakeFiles/fortran_lora.dir/home/erdinc/pico-sdk/src/rp2_common/pico_stdio_usb/stdio_usb.c.o
                0x10004cc8                stdio_usb_init
 .text.stdio_usb_connected
                0x10004db4        0xc CMakeFiles/fortran_lora.dir/home/erdinc/pico-sdk/src/rp2_common/pico_stdio_usb/stdio_usb.c.o
                0x10004db4                stdio_usb_connected
 .text.tud_descriptor_device_cb
                0x10004dc0        0x8 CMakeFiles/fortran_lora.dir/home/erdinc/pico-sdk/src/rp2_common/pico_stdio_usb/stdio_usb_descriptors.c.o
                0x10004dc0                tud_descriptor_device_cb
 .text.tud_descriptor_configuration_cb
                0x10004dc8        0x8 CMakeFiles/fortran_lora.dir/home/erdinc/pico-sdk/src/rp2_common/pico_stdio_usb/stdio_usb_descriptors.c.o
                0x10004dc8                tud_descriptor_configuration_cb
 .text.tud_descriptor_string_cb
                0x10004dd0       0x78 CMakeFiles/fortran_lora.dir/home/erdinc/pico-sdk/src/rp2_common/pico_stdio_usb/stdio_usb_descriptors.c.o
                0x10004dd0                tud_descriptor_string_cb
 .text.startup._retrieve_unique_id_on_boot
                0x10004e48       0x10 CMakeFiles/fortran_lora.dir/home/erdinc/pico-sdk/src/rp2_common/pico_unique_id/unique_id.c.o
 .text.pico_get_unique_board_id_string
                0x10004e58      0x1a8 CMakeFiles/fortran_lora.dir/home/erdinc/pico-sdk/src/rp2_common/pico_unique_id/unique_id.c.o
                0x10004e58                pico_get_unique_board_id_string
 .text.flash_get_unique_id
                0x10005000       0x3c CMakeFiles/fortran_lora.dir/home/erdinc/pico-sdk/src/rp2_common/hardware_flash/flash.c.o
                0x10005000                flash_get_unique_id
 .text.dcd_init
                0x1000503c       0x90 CMakeFiles/fortran_lora.dir/home/erdinc/pico-sdk/lib/tinyusb/src/portable/raspberrypi/rp2040/dcd_rp2040.c.o
                0x1000503c                dcd_init
 .text.dcd_int_enable
                0x100050cc        0xc CMakeFiles/fortran_lora.dir/home/erdinc/pico-sdk/lib/tinyusb/src/portable/raspberrypi/rp2040/dcd_rp2040.c.o
                0x100050cc                dcd_int_enable
 .text.dcd_set_address
                0x100050d8       0x14 CMakeFiles/fortran_lora.dir/home/erdinc/pico-sdk/lib/tinyusb/src/portable/raspberrypi/rp2040/dcd_rp2040.c.o
                0x100050d8                dcd_set_address
 .text.dcd_sof_enable
                0x100050ec       0x1c CMakeFiles/fortran_lora.dir/home/erdinc/pico-sdk/lib/tinyusb/src/portable/raspberrypi/rp2040/dcd_rp2040.c.o
                0x100050ec                dcd_sof_enable
 .text.dcd_edpt0_status_complete
                0x10005108       0x1c CMakeFiles/fortran_lora.dir/home/erdinc/pico-sdk/lib/tinyusb/src/portable/raspberrypi/rp2040/dcd_rp2040.c.o
                0x10005108                dcd_edpt0_status_complete
 .text.dcd_edpt_open
                0x10005124      0x114 CMakeFiles/fortran_lora.dir/home/erdinc/pico-sdk/lib/tinyusb/src/portable/raspberrypi/rp2040/dcd_rp2040.c.o
                0x10005124                dcd_edpt_open
 .text.dcd_edpt_close_all
                0x10005238        0x8 CMakeFiles/fortran_lora.dir/home/erdinc/pico-sdk/lib/tinyusb/src/portable/raspberrypi/rp2040/dcd_rp2040.c.o
                0x10005238                dcd_edpt_close_all
 .text.dcd_edpt_xfer
                0x10005240       0x24 CMakeFiles/fortran_lora.dir/home/erdinc/pico-sdk/lib/tinyusb/src/portable/raspberrypi/rp2040/dcd_rp2040.c.o
                0x10005240                dcd_edpt_xfer
 .text.dcd_edpt_stall
                0x10005264       0x34 CMakeFiles/fortran_lora.dir/home/erdinc/pico-sdk/lib/tinyusb/src/portable/raspberrypi/rp2040/dcd_rp2040.c.o
                0x10005264                dcd_edpt_stall
 .text.dcd_edpt_clear_stall
                0x10005298       0x30 CMakeFiles/fortran_lora.dir/home/erdinc/pico-sdk/lib/tinyusb/src/portable/raspberrypi/rp2040/dcd_rp2040.c.o
                0x10005298                dcd_edpt_clear_stall
 .text.rp2040_usb_init
                0x100052c8       0x40 CMakeFiles/fortran_lora.dir/home/erdinc/pico-sdk/lib/tinyusb/src/portable/raspberrypi/rp2040/rp2040_usb.c.o
                0x100052c8                rp2040_usb_init
 .text.hw_endpoint_xfer_start
                0x10005308       0x40 CMakeFiles/fortran_lora.dir/home/erdinc/pico-sdk/lib/tinyusb/src/portable/raspberrypi/rp2040/rp2040_usb.c.o
                0x10005308                hw_endpoint_xfer_start
 .text.tud_event_hook_cb
                0x10005348        0x4 CMakeFiles/fortran_lora.dir/home/erdinc/pico-sdk/lib/tinyusb/src/device/usbd.c.o
                0x10005348                tud_event_hook_cb
 .text.tud_sof_cb
                0x1000534c        0x4 CMakeFiles/fortran_lora.dir/home/erdinc/pico-sdk/lib/tinyusb/src/device/usbd.c.o
                0x1000534c                tud_sof_cb
 .text.tud_descriptor_device_qualifier_cb
                0x10005350        0x4 CMakeFiles/fortran_lora.dir/home/erdinc/pico-sdk/lib/tinyusb/src/device/usbd.c.o
                0x10005350                tud_descriptor_device_qualifier_cb
 .text.tud_descriptor_other_speed_configuration_cb
                0x10005354        0x4 CMakeFiles/fortran_lora.dir/home/erdinc/pico-sdk/lib/tinyusb/src/device/usbd.c.o
                0x10005354                tud_descriptor_other_speed_configuration_cb
 .text.tud_mount_cb
                0x10005358        0x4 CMakeFiles/fortran_lora.dir/home/erdinc/pico-sdk/lib/tinyusb/src/device/usbd.c.o
                0x10005358                tud_mount_cb
 .text.tud_umount_cb
                0x1000535c        0x4 CMakeFiles/fortran_lora.dir/home/erdinc/pico-sdk/lib/tinyusb/src/device/usbd.c.o
                0x1000535c                tud_umount_cb
 .text.tud_suspend_cb
                0x10005360        0x4 CMakeFiles/fortran_lora.dir/home/erdinc/pico-sdk/lib/tinyusb/src/device/usbd.c.o
                0x10005360                tud_suspend_cb
 .text.tud_resume_cb
                0x10005364        0x4 CMakeFiles/fortran_lora.dir/home/erdinc/pico-sdk/lib/tinyusb/src/device/usbd.c.o
                0x10005364                tud_resume_cb
 .text.tud_mounted
                0x10005368       0x10 CMakeFiles/fortran_lora.dir/home/erdinc/pico-sdk/lib/tinyusb/src/device/usbd.c.o
                0x10005368                tud_mounted
 .text.tud_suspended
                0x10005378       0x10 CMakeFiles/fortran_lora.dir/home/erdinc/pico-sdk/lib/tinyusb/src/device/usbd.c.o
                0x10005378                tud_suspended
 .text.tud_rhport_init
                0x10005388       0xfc CMakeFiles/fortran_lora.dir/home/erdinc/pico-sdk/lib/tinyusb/src/device/usbd.c.o
                0x10005388                tud_rhport_init
 .text.tud_task_ext
                0x10005484      0x800 CMakeFiles/fortran_lora.dir/home/erdinc/pico-sdk/lib/tinyusb/src/device/usbd.c.o
                0x10005484                tud_task_ext
 .text.usbd_open_edpt_pair
                0x10005c84       0x9c CMakeFiles/fortran_lora.dir/home/erdinc/pico-sdk/lib/tinyusb/src/device/usbd.c.o
                0x10005c84                usbd_open_edpt_pair
 .text.usbd_edpt_open
                0x10005d20       0x34 CMakeFiles/fortran_lora.dir/home/erdinc/pico-sdk/lib/tinyusb/src/device/usbd.c.o
                0x10005d20                usbd_edpt_open
 .text.usbd_edpt_claim
                0x10005d54       0x28 CMakeFiles/fortran_lora.dir/home/erdinc/pico-sdk/lib/tinyusb/src/device/usbd.c.o
                0x10005d54                usbd_edpt_claim
 .text.usbd_edpt_release
                0x10005d7c       0x28 CMakeFiles/fortran_lora.dir/home/erdinc/pico-sdk/lib/tinyusb/src/device/usbd.c.o
                0x10005d7c                usbd_edpt_release
 .text.usbd_edpt_xfer
                0x10005da4       0x4c CMakeFiles/fortran_lora.dir/home/erdinc/pico-sdk/lib/tinyusb/src/device/usbd.c.o
                0x10005da4                usbd_edpt_xfer
 .text.tud_control_status
                0x10005df0       0x2c CMakeFiles/fortran_lora.dir/home/erdinc/pico-sdk/lib/tinyusb/src/device/usbd_control.c.o
                0x10005df0                tud_control_status
 .text.tud_control_xfer
                0x10005e1c       0xac CMakeFiles/fortran_lora.dir/home/erdinc/pico-sdk/lib/tinyusb/src/device/usbd_control.c.o
                0x10005e1c                tud_control_xfer
 .text.usbd_control_reset
                0x10005ec8       0x14 CMakeFiles/fortran_lora.dir/home/erdinc/pico-sdk/lib/tinyusb/src/device/usbd_control.c.o
                0x10005ec8                usbd_control_reset
 .text.usbd_control_set_complete_callback
                0x10005edc        0xc CMakeFiles/fortran_lora.dir/home/erdinc/pico-sdk/lib/tinyusb/src/device/usbd_control.c.o
                0x10005edc                usbd_control_set_complete_callback
 .text.usbd_control_set_request
                0x10005ee8       0x1c CMakeFiles/fortran_lora.dir/home/erdinc/pico-sdk/lib/tinyusb/src/device/usbd_control.c.o
                0x10005ee8                usbd_control_set_request
 .text.usbd_control_xfer_cb
                0x10005f04       0xec CMakeFiles/fortran_lora.dir/home/erdinc/pico-sdk/lib/tinyusb/src/device/usbd_control.c.o
                0x10005f04                usbd_control_xfer_cb
 .text._prep_out_transaction.isra.0
                0x10005ff0       0x6c CMakeFiles/fortran_lora.dir/home/erdinc/pico-sdk/lib/tinyusb/src/class/cdc/cdc_device.c.o
 .text.tud_cdc_n_connected
                0x1000605c       0x2c CMakeFiles/fortran_lora.dir/home/erdinc/pico-sdk/lib/tinyusb/src/class/cdc/cdc_device.c.o
                0x1000605c                tud_cdc_n_connected
 .text.tud_cdc_n_available
                0x10006088       0x14 CMakeFiles/fortran_lora.dir/home/erdinc/pico-sdk/lib/tinyusb/src/class/cdc/cdc_device.c.o
                0x10006088                tud_cdc_n_available
 .text.tud_cdc_n_read
                0x1000609c       0x94 CMakeFiles/fortran_lora.dir/home/erdinc/pico-sdk/lib/tinyusb/src/class/cdc/cdc_device.c.o
                0x1000609c                tud_cdc_n_read
 .text.tud_cdc_n_write_flush
                0x10006130       0x74 CMakeFiles/fortran_lora.dir/home/erdinc/pico-sdk/lib/tinyusb/src/class/cdc/cdc_device.c.o
                0x10006130                tud_cdc_n_write_flush
 .text.tud_cdc_n_write
                0x100061a4       0x40 CMakeFiles/fortran_lora.dir/home/erdinc/pico-sdk/lib/tinyusb/src/class/cdc/cdc_device.c.o
                0x100061a4                tud_cdc_n_write
 .text.tud_cdc_n_write_available
                0x100061e4       0x14 CMakeFiles/fortran_lora.dir/home/erdinc/pico-sdk/lib/tinyusb/src/class/cdc/cdc_device.c.o
                0x100061e4                tud_cdc_n_write_available
 .text.cdcd_init
                0x100061f8       0x70 CMakeFiles/fortran_lora.dir/home/erdinc/pico-sdk/lib/tinyusb/src/class/cdc/cdc_device.c.o
                0x100061f8                cdcd_init
 .text.cdcd_deinit
                0x10006268       0x34 CMakeFiles/fortran_lora.dir/home/erdinc/pico-sdk/lib/tinyusb/src/class/cdc/cdc_device.c.o
                0x10006268                cdcd_deinit
 .text.cdcd_reset
                0x1000629c       0x4c CMakeFiles/fortran_lora.dir/home/erdinc/pico-sdk/lib/tinyusb/src/class/cdc/cdc_device.c.o
                0x1000629c                cdcd_reset
 .text.cdcd_open
                0x100062e8       0xa8 CMakeFiles/fortran_lora.dir/home/erdinc/pico-sdk/lib/tinyusb/src/class/cdc/cdc_device.c.o
                0x100062e8                cdcd_open
 .text.cdcd_control_xfer_cb
                0x10006390       0xe8 CMakeFiles/fortran_lora.dir/home/erdinc/pico-sdk/lib/tinyusb/src/class/cdc/cdc_device.c.o
                0x10006390                cdcd_control_xfer_cb
 .text.cdcd_xfer_cb
                0x10006478      0x100 CMakeFiles/fortran_lora.dir/home/erdinc/pico-sdk/lib/tinyusb/src/class/cdc/cdc_device.c.o
                0x10006478                cdcd_xfer_cb
 .text.vendord_init
                0x10006578       0x5c CMakeFiles/fortran_lora.dir/home/erdinc/pico-sdk/lib/tinyusb/src/class/vendor/vendor_device.c.o
                0x10006578                vendord_init
 .text.vendord_deinit
                0x100065d4       0x1c CMakeFiles/fortran_lora.dir/home/erdinc/pico-sdk/lib/tinyusb/src/class/vendor/vendor_device.c.o
                0x100065d4                vendord_deinit
 .text.vendord_reset
                0x100065f0       0x28 CMakeFiles/fortran_lora.dir/home/erdinc/pico-sdk/lib/tinyusb/src/class/vendor/vendor_device.c.o
                0x100065f0                vendord_reset
 .text.vendord_open
                0x10006618      0x128 CMakeFiles/fortran_lora.dir/home/erdinc/pico-sdk/lib/tinyusb/src/class/vendor/vendor_device.c.o
                0x10006618                vendord_open
 .text.vendord_xfer_cb
                0x10006740       0x9c CMakeFiles/fortran_lora.dir/home/erdinc/pico-sdk/lib/tinyusb/src/class/vendor/vendor_device.c.o
                0x10006740                vendord_xfer_cb
 .text.tusb_rhport_init
                0x100067dc       0x48 CMakeFiles/fortran_lora.dir/home/erdinc/pico-sdk/lib/tinyusb/src/tusb.c.o
                0x100067dc                tusb_rhport_init
 .text.tu_edpt_claim
                0x10006824       0x50 CMakeFiles/fortran_lora.dir/home/erdinc/pico-sdk/lib/tinyusb/src/tusb.c.o
                0x10006824                tu_edpt_claim
 .text.tu_edpt_release
                0x10006874       0x38 CMakeFiles/fortran_lora.dir/home/erdinc/pico-sdk/lib/tinyusb/src/tusb.c.o
                0x10006874                tu_edpt_release
 .text.tu_edpt_validate
                0x100068ac       0x7c CMakeFiles/fortran_lora.dir/home/erdinc/pico-sdk/lib/tinyusb/src/tusb.c.o
                0x100068ac                tu_edpt_validate
 .text.tu_edpt_bind_driver
                0x10006928       0x34 CMakeFiles/fortran_lora.dir/home/erdinc/pico-sdk/lib/tinyusb/src/tusb.c.o
                0x10006928                tu_edpt_bind_driver
 .text.tu_edpt_stream_init
                0x1000695c       0x6c CMakeFiles/fortran_lora.dir/home/erdinc/pico-sdk/lib/tinyusb/src/tusb.c.o
                0x1000695c                tu_edpt_stream_init
 .text.tu_edpt_stream_deinit
                0x100069c8        0x4 CMakeFiles/fortran_lora.dir/home/erdinc/pico-sdk/lib/tinyusb/src/tusb.c.o
                0x100069c8                tu_edpt_stream_deinit
 .text.tu_edpt_stream_write_zlp_if_needed
                0x100069cc       0x68 CMakeFiles/fortran_lora.dir/home/erdinc/pico-sdk/lib/tinyusb/src/tusb.c.o
                0x100069cc                tu_edpt_stream_write_zlp_if_needed
 .text.tu_edpt_stream_write_xfer
                0x10006a34       0x64 CMakeFiles/fortran_lora.dir/home/erdinc/pico-sdk/lib/tinyusb/src/tusb.c.o
                0x10006a34                tu_edpt_stream_write_xfer
 .text.tu_edpt_stream_read_xfer
                0x10006a98       0xdc CMakeFiles/fortran_lora.dir/home/erdinc/pico-sdk/lib/tinyusb/src/tusb.c.o
                0x10006a98                tu_edpt_stream_read_xfer
 .text.tu_fifo_config
                0x10006b74       0x6c CMakeFiles/fortran_lora.dir/home/erdinc/pico-sdk/lib/tinyusb/src/common/tusb_fifo.c.o
                0x10006b74                tu_fifo_config
 .text.tu_fifo_count
                0x10006be0       0x2c CMakeFiles/fortran_lora.dir/home/erdinc/pico-sdk/lib/tinyusb/src/common/tusb_fifo.c.o
                0x10006be0                tu_fifo_count
 .text.tu_fifo_empty
                0x10006c0c       0x10 CMakeFiles/fortran_lora.dir/home/erdinc/pico-sdk/lib/tinyusb/src/common/tusb_fifo.c.o
                0x10006c0c                tu_fifo_empty
 .text.tu_fifo_remaining
                0x10006c1c       0x2c CMakeFiles/fortran_lora.dir/home/erdinc/pico-sdk/lib/tinyusb/src/common/tusb_fifo.c.o
                0x10006c1c                tu_fifo_remaining
 .text.tu_fifo_read
                0x10006c48       0x9c CMakeFiles/fortran_lora.dir/home/erdinc/pico-sdk/lib/tinyusb/src/common/tusb_fifo.c.o
                0x10006c48                tu_fifo_read
 .text.tu_fifo_read_n
                0x10006ce4       0xe8 CMakeFiles/fortran_lora.dir/home/erdinc/pico-sdk/lib/tinyusb/src/common/tusb_fifo.c.o
                0x10006ce4                tu_fifo_read_n
 .text.tu_fifo_write
                0x10006dcc       0xa8 CMakeFiles/fortran_lora.dir/home/erdinc/pico-sdk/lib/tinyusb/src/common/tusb_fifo.c.o
                0x10006dcc                tu_fifo_write
 .text.tu_fifo_write_n
                0x10006e74      0x178 CMakeFiles/fortran_lora.dir/home/erdinc/pico-sdk/lib/tinyusb/src/common/tusb_fifo.c.o
                0x10006e74                tu_fifo_write_n
 .text.tu_fifo_clear
                0x10006fec       0x40 CMakeFiles/fortran_lora.dir/home/erdinc/pico-sdk/lib/tinyusb/src/common/tusb_fifo.c.o
                0x10006fec                tu_fifo_clear
 .text.tu_fifo_set_overwritable
                0x1000702c       0x48 CMakeFiles/fortran_lora.dir/home/erdinc/pico-sdk/lib/tinyusb/src/common/tusb_fifo.c.o
                0x1000702c                tu_fifo_set_overwritable
 .text.spi_init
                0x10007074      0x13c CMakeFiles/fortran_lora.dir/home/erdinc/pico-sdk/src/rp2_common/hardware_spi/spi.c.o
                0x10007074                spi_init
 .text._gfortran_concat_string
                0x100071b0       0x4c /opt/arm-gnu-toolchain-13.3.rel1-x86_64-arm-none-eabi/bin/../lib/gcc/arm-none-eabi/13.3.1/../../../../arm-none-eabi/lib/thumb/v6-m/nofp/libgfortran.a(string_intrinsics.o)
                0x100071b0                _gfortran_concat_string
 .text._gfortrani_xmalloc
                0x100071fc       0x1c /opt/arm-gnu-toolchain-13.3.rel1-x86_64-arm-none-eabi/bin/../lib/gcc/arm-none-eabi/13.3.1/../../../../arm-none-eabi/lib/thumb/v6-m/nofp/libgfortran.a(memory.o)
                0x100071fc                _gfortrani_xmalloc
 .text._gfortrani_xmallocarray
                0x10007218       0x78 /opt/arm-gnu-toolchain-13.3.rel1-x86_64-arm-none-eabi/bin/../lib/gcc/arm-none-eabi/13.3.1/../../../../arm-none-eabi/lib/thumb/v6-m/nofp/libgfortran.a(memory.o)
                0x10007218                _gfortrani_xmallocarray
 .text._gfortrani_xcalloc
                0x10007290       0x24 /opt/arm-gnu-toolchain-13.3.rel1-x86_64-arm-none-eabi/bin/../lib/gcc/arm-none-eabi/13.3.1/../../../../arm-none-eabi/lib/thumb/v6-m/nofp/libgfortran.a(memory.o)
                0x10007290                _gfortrani_xcalloc
 .text._gfortrani_estr_write
                0x100072b4       0x14 /opt/arm-gnu-toolchain-13.3.rel1-x86_64-arm-none-eabi/bin/../lib/gcc/arm-none-eabi/13.3.1/../../../../arm-none-eabi/lib/thumb/v6-m/nofp/libgfortran.a(error.o)
                0x100072b4                _gfortrani_estr_write
 .text._gfortrani_estr_writev
                0x100072c8       0x30 /opt/arm-gnu-toolchain-13.3.rel1-x86_64-arm-none-eabi/bin/../lib/gcc/arm-none-eabi/13.3.1/../../../../arm-none-eabi/lib/thumb/v6-m/nofp/libgfortran.a(error.o)
                0x100072c8                _gfortrani_estr_writev
 .text._gfortrani_st_printf
                0x100072f8       0x34 /opt/arm-gnu-toolchain-13.3.rel1-x86_64-arm-none-eabi/bin/../lib/gcc/arm-none-eabi/13.3.1/../../../../arm-none-eabi/lib/thumb/v6-m/nofp/libgfortran.a(error.o)
                0x100072f8                _gfortrani_st_printf
 .text._gfortrani_sys_abort
                0x1000732c       0x3c /opt/arm-gnu-toolchain-13.3.rel1-x86_64-arm-none-eabi/bin/../lib/gcc/arm-none-eabi/13.3.1/../../../../arm-none-eabi/lib/thumb/v6-m/nofp/libgfortran.a(error.o)
                0x1000732c                _gfortrani_sys_abort
 .text.recursion_check
                0x10007368       0x18 /opt/arm-gnu-toolchain-13.3.rel1-x86_64-arm-none-eabi/bin/../lib/gcc/arm-none-eabi/13.3.1/../../../../arm-none-eabi/lib/thumb/v6-m/nofp/libgfortran.a(error.o)
 .text._gfortrani_exit_error
                0x10007380       0x38 /opt/arm-gnu-toolchain-13.3.rel1-x86_64-arm-none-eabi/bin/../lib/gcc/arm-none-eabi/13.3.1/../../../../arm-none-eabi/lib/thumb/v6-m/nofp/libgfortran.a(error.o)
                0x10007380                _gfortrani_exit_error
 .text._gfortrani_gf_strerror
                0x100073b8       0x34 /opt/arm-gnu-toolchain-13.3.rel1-x86_64-arm-none-eabi/bin/../lib/gcc/arm-none-eabi/13.3.1/../../../../arm-none-eabi/lib/thumb/v6-m/nofp/libgfortran.a(error.o)
                0x100073b8                _gfortrani_gf_strerror
 .text._gfortrani_show_locus
                0x100073ec       0x60 /opt/arm-gnu-toolchain-13.3.rel1-x86_64-arm-none-eabi/bin/../lib/gcc/arm-none-eabi/13.3.1/../../../../arm-none-eabi/lib/thumb/v6-m/nofp/libgfortran.a(error.o)
                0x100073ec                _gfortrani_show_locus
 .text._gfortrani_os_error
                0x1000744c       0x58 /opt/arm-gnu-toolchain-13.3.rel1-x86_64-arm-none-eabi/bin/../lib/gcc/arm-none-eabi/13.3.1/../../../../arm-none-eabi/lib/thumb/v6-m/nofp/libgfortran.a(error.o)
                0x1000744c                _gfortran_os_error
                0x1000744c                _gfortrani_os_error
 .text._gfortrani_internal_error
                0x100074a4       0x48 /opt/arm-gnu-toolchain-13.3.rel1-x86_64-arm-none-eabi/bin/../lib/gcc/arm-none-eabi/13.3.1/../../../../arm-none-eabi/lib/thumb/v6-m/nofp/libgfortran.a(error.o)
                0x100074a4                _gfortrani_internal_error
 .text._gfortrani_stupid_function_name_for_static_linking
                0x100074ec        0x4 /opt/arm-gnu-toolchain-13.3.rel1-x86_64-arm-none-eabi/bin/../lib/gcc/arm-none-eabi/13.3.1/../../../../arm-none-eabi/lib/thumb/v6-m/nofp/libgfortran.a(main.o)
                0x100074ec                _gfortrani_stupid_function_name_for_static_linking
 .text.startup.init
                0x100074f0       0x24 /opt/arm-gnu-toolchain-13.3.rel1-x86_64-arm-none-eabi/bin/../lib/gcc/arm-none-eabi/13.3.1/../../../../arm-none-eabi/lib/thumb/v6-m/nofp/libgfortran.a(main.o)
 .text.insert   0x10007514       0x50 /opt/arm-gnu-toolchain-13.3.rel1-x86_64-arm-none-eabi/bin/../lib/gcc/arm-none-eabi/13.3.1/../../../../arm-none-eabi/lib/thumb/v6-m/nofp/libgfortran.a(unit.o)
 .text.insert_unit
                0x10007564       0x50 /opt/arm-gnu-toolchain-13.3.rel1-x86_64-arm-none-eabi/bin/../lib/gcc/arm-none-eabi/13.3.1/../../../../arm-none-eabi/lib/thumb/v6-m/nofp/libgfortran.a(unit.o)
 .text._gfortrani_init_units
                0x100075b4      0x144 /opt/arm-gnu-toolchain-13.3.rel1-x86_64-arm-none-eabi/bin/../lib/gcc/arm-none-eabi/13.3.1/../../../../arm-none-eabi/lib/thumb/v6-m/nofp/libgfortran.a(unit.o)
                0x100075b4                _gfortrani_init_units
 .text._gfortrani_filename_from_unit
                0x100076f8       0x30 /opt/arm-gnu-toolchain-13.3.rel1-x86_64-arm-none-eabi/bin/../lib/gcc/arm-none-eabi/13.3.1/../../../../arm-none-eabi/lib/thumb/v6-m/nofp/libgfortran.a(unit.o)
                0x100076f8                _gfortrani_filename_from_unit
 .text.raw_flush
                0x10007728        0x4 /opt/arm-gnu-toolchain-13.3.rel1-x86_64-arm-none-eabi/bin/../lib/gcc/arm-none-eabi/13.3.1/../../../../arm-none-eabi/lib/thumb/v6-m/nofp/libgfortran.a(unix.o)
 .text.buf_size
                0x1000772c        0x4 /opt/arm-gnu-toolchain-13.3.rel1-x86_64-arm-none-eabi/bin/../lib/gcc/arm-none-eabi/13.3.1/../../../../arm-none-eabi/lib/thumb/v6-m/nofp/libgfortran.a(unix.o)
 .text.buf_seek
                0x10007730       0x38 /opt/arm-gnu-toolchain-13.3.rel1-x86_64-arm-none-eabi/bin/../lib/gcc/arm-none-eabi/13.3.1/../../../../arm-none-eabi/lib/thumb/v6-m/nofp/libgfortran.a(unix.o)
 .text.raw_size
                0x10007768       0x3c /opt/arm-gnu-toolchain-13.3.rel1-x86_64-arm-none-eabi/bin/../lib/gcc/arm-none-eabi/13.3.1/../../../../arm-none-eabi/lib/thumb/v6-m/nofp/libgfortran.a(unix.o)
 .text.raw_close
                0x100077a4       0x40 /opt/arm-gnu-toolchain-13.3.rel1-x86_64-arm-none-eabi/bin/../lib/gcc/arm-none-eabi/13.3.1/../../../../arm-none-eabi/lib/thumb/v6-m/nofp/libgfortran.a(unix.o)
 .text.raw_seek
                0x100077e4       0x28 /opt/arm-gnu-toolchain-13.3.rel1-x86_64-arm-none-eabi/bin/../lib/gcc/arm-none-eabi/13.3.1/../../../../arm-none-eabi/lib/thumb/v6-m/nofp/libgfortran.a(unix.o)
 .text.raw_tell
                0x1000780c       0x24 /opt/arm-gnu-toolchain-13.3.rel1-x86_64-arm-none-eabi/bin/../lib/gcc/arm-none-eabi/13.3.1/../../../../arm-none-eabi/lib/thumb/v6-m/nofp/libgfortran.a(unix.o)
 .text.raw_write
                0x10007830       0x58 /opt/arm-gnu-toolchain-13.3.rel1-x86_64-arm-none-eabi/bin/../lib/gcc/arm-none-eabi/13.3.1/../../../../arm-none-eabi/lib/thumb/v6-m/nofp/libgfortran.a(unix.o)
 .text.raw_truncate
                0x10007888       0x28 /opt/arm-gnu-toolchain-13.3.rel1-x86_64-arm-none-eabi/bin/../lib/gcc/arm-none-eabi/13.3.1/../../../../arm-none-eabi/lib/thumb/v6-m/nofp/libgfortran.a(unix.o)
 .text.buf_tell
                0x100078b0       0x18 /opt/arm-gnu-toolchain-13.3.rel1-x86_64-arm-none-eabi/bin/../lib/gcc/arm-none-eabi/13.3.1/../../../../arm-none-eabi/lib/thumb/v6-m/nofp/libgfortran.a(unix.o)
 .text.raw_read
                0x100078c8       0x6c /opt/arm-gnu-toolchain-13.3.rel1-x86_64-arm-none-eabi/bin/../lib/gcc/arm-none-eabi/13.3.1/../../../../arm-none-eabi/lib/thumb/v6-m/nofp/libgfortran.a(unix.o)
 .text.raw_markeor
                0x10007934        0x4 /opt/arm-gnu-toolchain-13.3.rel1-x86_64-arm-none-eabi/bin/../lib/gcc/arm-none-eabi/13.3.1/../../../../arm-none-eabi/lib/thumb/v6-m/nofp/libgfortran.a(unix.o)
 .text.fd_to_stream
                0x10007938       0xd4 /opt/arm-gnu-toolchain-13.3.rel1-x86_64-arm-none-eabi/bin/../lib/gcc/arm-none-eabi/13.3.1/../../../../arm-none-eabi/lib/thumb/v6-m/nofp/libgfortran.a(unix.o)
 .text.buf_flush
                0x10007a0c       0xbc /opt/arm-gnu-toolchain-13.3.rel1-x86_64-arm-none-eabi/bin/../lib/gcc/arm-none-eabi/13.3.1/../../../../arm-none-eabi/lib/thumb/v6-m/nofp/libgfortran.a(unix.o)
 .text.buf_markeor
                0x10007ac8       0x28 /opt/arm-gnu-toolchain-13.3.rel1-x86_64-arm-none-eabi/bin/../lib/gcc/arm-none-eabi/13.3.1/../../../../arm-none-eabi/lib/thumb/v6-m/nofp/libgfortran.a(unix.o)
 .text.buf_close
                0x10007af0       0x20 /opt/arm-gnu-toolchain-13.3.rel1-x86_64-arm-none-eabi/bin/../lib/gcc/arm-none-eabi/13.3.1/../../../../arm-none-eabi/lib/thumb/v6-m/nofp/libgfortran.a(unix.o)
 .text.buf_truncate
                0x10007b10       0x34 /opt/arm-gnu-toolchain-13.3.rel1-x86_64-arm-none-eabi/bin/../lib/gcc/arm-none-eabi/13.3.1/../../../../arm-none-eabi/lib/thumb/v6-m/nofp/libgfortran.a(unix.o)
 .text.buf_read
                0x10007b44      0x108 /opt/arm-gnu-toolchain-13.3.rel1-x86_64-arm-none-eabi/bin/../lib/gcc/arm-none-eabi/13.3.1/../../../../arm-none-eabi/lib/thumb/v6-m/nofp/libgfortran.a(unix.o)
 .text.buf_write
                0x10007c4c      0x124 /opt/arm-gnu-toolchain-13.3.rel1-x86_64-arm-none-eabi/bin/../lib/gcc/arm-none-eabi/13.3.1/../../../../arm-none-eabi/lib/thumb/v6-m/nofp/libgfortran.a(unix.o)
 .text._gfortrani_input_stream
                0x10007d70        0xc /opt/arm-gnu-toolchain-13.3.rel1-x86_64-arm-none-eabi/bin/../lib/gcc/arm-none-eabi/13.3.1/../../../../arm-none-eabi/lib/thumb/v6-m/nofp/libgfortran.a(unix.o)
                0x10007d70                _gfortrani_input_stream
 .text._gfortrani_output_stream
                0x10007d7c        0xc /opt/arm-gnu-toolchain-13.3.rel1-x86_64-arm-none-eabi/bin/../lib/gcc/arm-none-eabi/13.3.1/../../../../arm-none-eabi/lib/thumb/v6-m/nofp/libgfortran.a(unix.o)
                0x10007d7c                _gfortrani_output_stream
 .text._gfortrani_error_stream
                0x10007d88        0xc /opt/arm-gnu-toolchain-13.3.rel1-x86_64-arm-none-eabi/bin/../lib/gcc/arm-none-eabi/13.3.1/../../../../arm-none-eabi/lib/thumb/v6-m/nofp/libgfortran.a(unix.o)
                0x10007d88                _gfortrani_error_stream
 .text._gfortrani_fbuf_init
                0x10007d94       0x30 /opt/arm-gnu-toolchain-13.3.rel1-x86_64-arm-none-eabi/bin/../lib/gcc/arm-none-eabi/13.3.1/../../../../arm-none-eabi/lib/thumb/v6-m/nofp/libgfortran.a(fbuf.o)
                0x10007d94                _gfortrani_fbuf_init
 .text._gfortrani_init_compile_options
                0x10007dc4       0x24 /opt/arm-gnu-toolchain-13.3.rel1-x86_64-arm-none-eabi/bin/../lib/gcc/arm-none-eabi/13.3.1/../../../../arm-none-eabi/lib/thumb/v6-m/nofp/libgfortran.a(compile_options.o)
                0x10007dc4                _gfortrani_init_compile_options
 .text._gfortrani_gfc_itoa
                0x10007de8       0x4c /opt/arm-gnu-toolchain-13.3.rel1-x86_64-arm-none-eabi/bin/../lib/gcc/arm-none-eabi/13.3.1/../../../../arm-none-eabi/lib/thumb/v6-m/nofp/libgfortran.a(string.o)
                0x10007de8                _gfortrani_gfc_itoa
 .text.simple_callback
                0x10007e34       0x1c /opt/arm-gnu-toolchain-13.3.rel1-x86_64-arm-none-eabi/bin/../lib/gcc/arm-none-eabi/13.3.1/../../../../arm-none-eabi/lib/thumb/v6-m/nofp/libgfortran.a(backtrace.o)
 .text.full_callback
                0x10007e50       0xd4 /opt/arm-gnu-toolchain-13.3.rel1-x86_64-arm-none-eabi/bin/../lib/gcc/arm-none-eabi/13.3.1/../../../../arm-none-eabi/lib/thumb/v6-m/nofp/libgfortran.a(backtrace.o)
 .text.error_callback
                0x10007f24       0xac /opt/arm-gnu-toolchain-13.3.rel1-x86_64-arm-none-eabi/bin/../lib/gcc/arm-none-eabi/13.3.1/../../../../arm-none-eabi/lib/thumb/v6-m/nofp/libgfortran.a(backtrace.o)
 .text._gfortrani_show_backtrace
                0x10007fd0       0x78 /opt/arm-gnu-toolchain-13.3.rel1-x86_64-arm-none-eabi/bin/../lib/gcc/arm-none-eabi/13.3.1/../../../../arm-none-eabi/lib/thumb/v6-m/nofp/libgfortran.a(backtrace.o)
                0x10007fd0                _gfortrani_show_backtrace
 .text.search_unit
                0x10008048       0x50 /opt/arm-gnu-toolchain-13.3.rel1-x86_64-arm-none-eabi/bin/../lib/gcc/arm-none-eabi/13.3.1/../../../../arm-none-eabi/lib/thumb/v6-m/nofp/libgfortran.a(environ.o)
 .text.init_boolean
                0x10008098       0x3c /opt/arm-gnu-toolchain-13.3.rel1-x86_64-arm-none-eabi/bin/../lib/gcc/arm-none-eabi/13.3.1/../../../../arm-none-eabi/lib/thumb/v6-m/nofp/libgfortran.a(environ.o)
 .text.init_sep
                0x100080d4       0x50 /opt/arm-gnu-toolchain-13.3.rel1-x86_64-arm-none-eabi/bin/../lib/gcc/arm-none-eabi/13.3.1/../../../../arm-none-eabi/lib/thumb/v6-m/nofp/libgfortran.a(environ.o)
 .text.init_integer
                0x10008124       0x40 /opt/arm-gnu-toolchain-13.3.rel1-x86_64-arm-none-eabi/bin/../lib/gcc/arm-none-eabi/13.3.1/../../../../arm-none-eabi/lib/thumb/v6-m/nofp/libgfortran.a(environ.o)
 .text.mark_single
                0x10008164       0x98 /opt/arm-gnu-toolchain-13.3.rel1-x86_64-arm-none-eabi/bin/../lib/gcc/arm-none-eabi/13.3.1/../../../../arm-none-eabi/lib/thumb/v6-m/nofp/libgfortran.a(environ.o)
 .text.next_token
                0x100081fc       0xe0 /opt/arm-gnu-toolchain-13.3.rel1-x86_64-arm-none-eabi/bin/../lib/gcc/arm-none-eabi/13.3.1/../../../../arm-none-eabi/lib/thumb/v6-m/nofp/libgfortran.a(environ.o)
 .text.do_parse.isra.0
                0x100082dc      0x1b8 /opt/arm-gnu-toolchain-13.3.rel1-x86_64-arm-none-eabi/bin/../lib/gcc/arm-none-eabi/13.3.1/../../../../arm-none-eabi/lib/thumb/v6-m/nofp/libgfortran.a(environ.o)
 .text.init_unformatted
                0x10008494       0x58 /opt/arm-gnu-toolchain-13.3.rel1-x86_64-arm-none-eabi/bin/../lib/gcc/arm-none-eabi/13.3.1/../../../../arm-none-eabi/lib/thumb/v6-m/nofp/libgfortran.a(environ.o)
 .text._gfortrani_init_variables
                0x100084ec       0x28 /opt/arm-gnu-toolchain-13.3.rel1-x86_64-arm-none-eabi/bin/../lib/gcc/arm-none-eabi/13.3.1/../../../../arm-none-eabi/lib/thumb/v6-m/nofp/libgfortran.a(environ.o)
                0x100084ec                _gfortrani_init_variables
 .text._gfortrani_set_fpu
                0x10008514       0x54 /opt/arm-gnu-toolchain-13.3.rel1-x86_64-arm-none-eabi/bin/../lib/gcc/arm-none-eabi/13.3.1/../../../../arm-none-eabi/lib/thumb/v6-m/nofp/libgfortran.a(fpu.o)
                0x10008514                _gfortrani_set_fpu
 .text.unwind   0x10008568       0x5c /opt/arm-gnu-toolchain-13.3.rel1-x86_64-arm-none-eabi/bin/../lib/gcc/arm-none-eabi/13.3.1/../../../../arm-none-eabi/lib/thumb/v6-m/nofp/libgfortran.a(lt1-backtrace.o)
 .text.backtrace_full
                0x100085c4       0x50 /opt/arm-gnu-toolchain-13.3.rel1-x86_64-arm-none-eabi/bin/../lib/gcc/arm-none-eabi/13.3.1/../../../../arm-none-eabi/lib/thumb/v6-m/nofp/libgfortran.a(lt1-backtrace.o)
                0x100085c4                backtrace_full
 .text.fileline_initialize
                0x10008614      0x134 /opt/arm-gnu-toolchain-13.3.rel1-x86_64-arm-none-eabi/bin/../lib/gcc/arm-none-eabi/13.3.1/../../../../arm-none-eabi/lib/thumb/v6-m/nofp/libgfortran.a(fileline.o)
 .text.backtrace_pcinfo
                0x10008748       0x40 /opt/arm-gnu-toolchain-13.3.rel1-x86_64-arm-none-eabi/bin/../lib/gcc/arm-none-eabi/13.3.1/../../../../arm-none-eabi/lib/thumb/v6-m/nofp/libgfortran.a(fileline.o)
                0x10008748                backtrace_pcinfo
 .text.backtrace_syminfo_to_full_callback
                0x10008788       0x18 /opt/arm-gnu-toolchain-13.3.rel1-x86_64-arm-none-eabi/bin/../lib/gcc/arm-none-eabi/13.3.1/../../../../arm-none-eabi/lib/thumb/v6-m/nofp/libgfortran.a(fileline.o)
                0x10008788                backtrace_syminfo_to_full_callback
 .text.backtrace_syminfo_to_full_error_callback
                0x100087a0        0xc /opt/arm-gnu-toolchain-13.3.rel1-x86_64-arm-none-eabi/bin/../lib/gcc/arm-none-eabi/13.3.1/../../../../arm-none-eabi/lib/thumb/v6-m/nofp/libgfortran.a(fileline.o)
                0x100087a0                backtrace_syminfo_to_full_error_callback
 .text.backtrace_open
                0x100087ac       0x6c /opt/arm-gnu-toolchain-13.3.rel1-x86_64-arm-none-eabi/bin/../lib/gcc/arm-none-eabi/13.3.1/../../../../arm-none-eabi/lib/thumb/v6-m/nofp/libgfortran.a(posix.o)
                0x100087ac                backtrace_open
 .text.backtrace_close
                0x10008818       0x28 /opt/arm-gnu-toolchain-13.3.rel1-x86_64-arm-none-eabi/bin/../lib/gcc/arm-none-eabi/13.3.1/../../../../arm-none-eabi/lib/thumb/v6-m/nofp/libgfortran.a(posix.o)
                0x10008818                backtrace_close
 .text.simple_unwind
                0x10008840       0x40 /opt/arm-gnu-toolchain-13.3.rel1-x86_64-arm-none-eabi/bin/../lib/gcc/arm-none-eabi/13.3.1/../../../../arm-none-eabi/lib/thumb/v6-m/nofp/libgfortran.a(simple.o)
 .text.backtrace_simple
                0x10008880       0x28 /opt/arm-gnu-toolchain-13.3.rel1-x86_64-arm-none-eabi/bin/../lib/gcc/arm-none-eabi/13.3.1/../../../../arm-none-eabi/lib/thumb/v6-m/nofp/libgfortran.a(simple.o)
                0x10008880                backtrace_simple
 .text.backtrace_create_state
                0x100088a8       0x50 /opt/arm-gnu-toolchain-13.3.rel1-x86_64-arm-none-eabi/bin/../lib/gcc/arm-none-eabi/13.3.1/../../../../arm-none-eabi/lib/thumb/v6-m/nofp/libgfortran.a(state.o)
                0x100088a8                backtrace_create_state
 .text.backtrace_alloc
                0x100088f8       0x2c /opt/arm-gnu-toolchain-13.3.rel1-x86_64-arm-none-eabi/bin/../lib/gcc/arm-none-eabi/13.3.1/../../../../arm-none-eabi/lib/thumb/v6-m/nofp/libgfortran.a(alloc.o)
                0x100088f8                backtrace_alloc
 .text.backtrace_free
                0x10008924        0xc /opt/arm-gnu-toolchain-13.3.rel1-x86_64-arm-none-eabi/bin/../lib/gcc/arm-none-eabi/13.3.1/../../../../arm-none-eabi/lib/thumb/v6-m/nofp/libgfortran.a(alloc.o)
                0x10008924                backtrace_free
 .text.backtrace_vector_grow
                0x10008930       0x78 /opt/arm-gnu-toolchain-13.3.rel1-x86_64-arm-none-eabi/bin/../lib/gcc/arm-none-eabi/13.3.1/../../../../arm-none-eabi/lib/thumb/v6-m/nofp/libgfortran.a(alloc.o)
                0x10008930                backtrace_vector_grow
 .text.backtrace_vector_finish
                0x100089a8       0x44 /opt/arm-gnu-toolchain-13.3.rel1-x86_64-arm-none-eabi/bin/../lib/gcc/arm-none-eabi/13.3.1/../../../../arm-none-eabi/lib/thumb/v6-m/nofp/libgfortran.a(alloc.o)
                0x100089a8                backtrace_vector_finish
 .text.backtrace_vector_release
                0x100089ec       0x40 /opt/arm-gnu-toolchain-13.3.rel1-x86_64-arm-none-eabi/bin/../lib/gcc/arm-none-eabi/13.3.1/../../../../arm-none-eabi/lib/thumb/v6-m/nofp/libgfortran.a(alloc.o)
                0x100089ec                backtrace_vector_release
 .text.elf_nosyms
                0x10008a2c       0x14 /opt/arm-gnu-toolchain-13.3.rel1-x86_64-arm-none-eabi/bin/../lib/gcc/arm-none-eabi/13.3.1/../../../../arm-none-eabi/lib/thumb/v6-m/nofp/libgfortran.a(elf.o)
 .text.elf_symbol_compare
                0x10008a40       0x18 /opt/arm-gnu-toolchain-13.3.rel1-x86_64-arm-none-eabi/bin/../lib/gcc/arm-none-eabi/13.3.1/../../../../arm-none-eabi/lib/thumb/v6-m/nofp/libgfortran.a(elf.o)
 .text.elf_symbol_search
                0x10008a58       0x1c /opt/arm-gnu-toolchain-13.3.rel1-x86_64-arm-none-eabi/bin/../lib/gcc/arm-none-eabi/13.3.1/../../../../arm-none-eabi/lib/thumb/v6-m/nofp/libgfortran.a(elf.o)
 .text.elf_zlib_verify_checksum
                0x10008a74      0x274 /opt/arm-gnu-toolchain-13.3.rel1-x86_64-arm-none-eabi/bin/../lib/gcc/arm-none-eabi/13.3.1/../../../../arm-none-eabi/lib/thumb/v6-m/nofp/libgfortran.a(elf.o)
 .text.elf_zstd_make_match_baseline_fse
                0x10008ce8       0x5c /opt/arm-gnu-toolchain-13.3.rel1-x86_64-arm-none-eabi/bin/../lib/gcc/arm-none-eabi/13.3.1/../../../../arm-none-eabi/lib/thumb/v6-m/nofp/libgfortran.a(elf.o)
 .text.elf_zstd_make_offset_baseline_fse
                0x10008d44       0x40 /opt/arm-gnu-toolchain-13.3.rel1-x86_64-arm-none-eabi/bin/../lib/gcc/arm-none-eabi/13.3.1/../../../../arm-none-eabi/lib/thumb/v6-m/nofp/libgfortran.a(elf.o)
 .text.elf_zstd_make_literal_baseline_fse
                0x10008d84       0x4c /opt/arm-gnu-toolchain-13.3.rel1-x86_64-arm-none-eabi/bin/../lib/gcc/arm-none-eabi/13.3.1/../../../../arm-none-eabi/lib/thumb/v6-m/nofp/libgfortran.a(elf.o)
 .text.elf_fetch_bits_backward
                0x10008dd0       0x74 /opt/arm-gnu-toolchain-13.3.rel1-x86_64-arm-none-eabi/bin/../lib/gcc/arm-none-eabi/13.3.1/../../../../arm-none-eabi/lib/thumb/v6-m/nofp/libgfortran.a(elf.o)
 .text.elf_zlib_inflate_table
                0x10008e44      0x3ac /opt/arm-gnu-toolchain-13.3.rel1-x86_64-arm-none-eabi/bin/../lib/gcc/arm-none-eabi/13.3.1/../../../../arm-none-eabi/lib/thumb/v6-m/nofp/libgfortran.a(elf.o)
 .text.elf_fetch_backward_init
                0x100091f0       0xa0 /opt/arm-gnu-toolchain-13.3.rel1-x86_64-arm-none-eabi/bin/../lib/gcc/arm-none-eabi/13.3.1/../../../../arm-none-eabi/lib/thumb/v6-m/nofp/libgfortran.a(elf.o)
 .text.elf_syminfo
                0x10009290       0x78 /opt/arm-gnu-toolchain-13.3.rel1-x86_64-arm-none-eabi/bin/../lib/gcc/arm-none-eabi/13.3.1/../../../../arm-none-eabi/lib/thumb/v6-m/nofp/libgfortran.a(elf.o)
 .text.elf_try_debugfile
                0x10009308       0x98 /opt/arm-gnu-toolchain-13.3.rel1-x86_64-arm-none-eabi/bin/../lib/gcc/arm-none-eabi/13.3.1/../../../../arm-none-eabi/lib/thumb/v6-m/nofp/libgfortran.a(elf.o)
 .text.elf_find_debugfile_by_debuglink
                0x100093a0       0x9c /opt/arm-gnu-toolchain-13.3.rel1-x86_64-arm-none-eabi/bin/../lib/gcc/arm-none-eabi/13.3.1/../../../../arm-none-eabi/lib/thumb/v6-m/nofp/libgfortran.a(elf.o)
 .text.elf_get_view
                0x1000943c       0x64 /opt/arm-gnu-toolchain-13.3.rel1-x86_64-arm-none-eabi/bin/../lib/gcc/arm-none-eabi/13.3.1/../../../../arm-none-eabi/lib/thumb/v6-m/nofp/libgfortran.a(elf.o)
 .text.elf_nodebug
                0x100094a0       0x4c /opt/arm-gnu-toolchain-13.3.rel1-x86_64-arm-none-eabi/bin/../lib/gcc/arm-none-eabi/13.3.1/../../../../arm-none-eabi/lib/thumb/v6-m/nofp/libgfortran.a(elf.o)
 .text.elf_lzma_bit
                0x100094ec       0x6c /opt/arm-gnu-toolchain-13.3.rel1-x86_64-arm-none-eabi/bin/../lib/gcc/arm-none-eabi/13.3.1/../../../../arm-none-eabi/lib/thumb/v6-m/nofp/libgfortran.a(elf.o)
 .text.elf_lzma_len
                0x10009558      0x198 /opt/arm-gnu-toolchain-13.3.rel1-x86_64-arm-none-eabi/bin/../lib/gcc/arm-none-eabi/13.3.1/../../../../arm-none-eabi/lib/thumb/v6-m/nofp/libgfortran.a(elf.o)
 .text.elf_uncompress_lzma
                0x100096f0      0xa70 /opt/arm-gnu-toolchain-13.3.rel1-x86_64-arm-none-eabi/bin/../lib/gcc/arm-none-eabi/13.3.1/../../../../arm-none-eabi/lib/thumb/v6-m/nofp/libgfortran.a(elf.o)
 .text.elf_zstd_read_fse
                0x1000a160      0x444 /opt/arm-gnu-toolchain-13.3.rel1-x86_64-arm-none-eabi/bin/../lib/gcc/arm-none-eabi/13.3.1/../../../../arm-none-eabi/lib/thumb/v6-m/nofp/libgfortran.a(elf.o)
 .text.elf_zstd_unpack_seq_decode
                0x1000a5a4       0x84 /opt/arm-gnu-toolchain-13.3.rel1-x86_64-arm-none-eabi/bin/../lib/gcc/arm-none-eabi/13.3.1/../../../../arm-none-eabi/lib/thumb/v6-m/nofp/libgfortran.a(elf.o)
 .text.elf_zstd_decompress
                0x1000a628     0x15bc /opt/arm-gnu-toolchain-13.3.rel1-x86_64-arm-none-eabi/bin/../lib/gcc/arm-none-eabi/13.3.1/../../../../arm-none-eabi/lib/thumb/v6-m/nofp/libgfortran.a(elf.o)
 .text.elf_zlib_inflate
                0x1000bbe4      0xb20 /opt/arm-gnu-toolchain-13.3.rel1-x86_64-arm-none-eabi/bin/../lib/gcc/arm-none-eabi/13.3.1/../../../../arm-none-eabi/lib/thumb/v6-m/nofp/libgfortran.a(elf.o)
 .text.elf_uncompress_zdebug
                0x1000c704       0x98 /opt/arm-gnu-toolchain-13.3.rel1-x86_64-arm-none-eabi/bin/../lib/gcc/arm-none-eabi/13.3.1/../../../../arm-none-eabi/lib/thumb/v6-m/nofp/libgfortran.a(elf.o)
 .text.elf_add.constprop.0
                0x1000c79c     0x1938 /opt/arm-gnu-toolchain-13.3.rel1-x86_64-arm-none-eabi/bin/../lib/gcc/arm-none-eabi/13.3.1/../../../../arm-none-eabi/lib/thumb/v6-m/nofp/libgfortran.a(elf.o)
 .text.backtrace_initialize
                0x1000e0d4       0xac /opt/arm-gnu-toolchain-13.3.rel1-x86_64-arm-none-eabi/bin/../lib/gcc/arm-none-eabi/13.3.1/../../../../arm-none-eabi/lib/thumb/v6-m/nofp/libgfortran.a(elf.o)
                0x1000e0d4                backtrace_initialize
 .text.backtrace_get_view
                0x1000e180       0xe8 /opt/arm-gnu-toolchain-13.3.rel1-x86_64-arm-none-eabi/bin/../lib/gcc/arm-none-eabi/13.3.1/../../../../arm-none-eabi/lib/thumb/v6-m/nofp/libgfortran.a(lt2-read.o)
                0x1000e180                backtrace_get_view
 .text.backtrace_release_view
                0x1000e268       0x20 /opt/arm-gnu-toolchain-13.3.rel1-x86_64-arm-none-eabi/bin/../lib/gcc/arm-none-eabi/13.3.1/../../../../arm-none-eabi/lib/thumb/v6-m/nofp/libgfortran.a(lt2-read.o)
                0x1000e268                backtrace_release_view
 .text.backtrace_qsort
                0x1000e288       0xfc /opt/arm-gnu-toolchain-13.3.rel1-x86_64-arm-none-eabi/bin/../lib/gcc/arm-none-eabi/13.3.1/../../../../arm-none-eabi/lib/thumb/v6-m/nofp/libgfortran.a(sort.o)
                0x1000e288                backtrace_qsort
 .text.units_search
                0x1000e384       0x1c /opt/arm-gnu-toolchain-13.3.rel1-x86_64-arm-none-eabi/bin/../lib/gcc/arm-none-eabi/13.3.1/../../../../arm-none-eabi/lib/thumb/v6-m/nofp/libgfortran.a(dwarf.o)
 .text.function_addrs_search
                0x1000e3a0       0x18 /opt/arm-gnu-toolchain-13.3.rel1-x86_64-arm-none-eabi/bin/../lib/gcc/arm-none-eabi/13.3.1/../../../../arm-none-eabi/lib/thumb/v6-m/nofp/libgfortran.a(dwarf.o)
 .text.unit_addrs_search
                0x1000e3b8       0x18 /opt/arm-gnu-toolchain-13.3.rel1-x86_64-arm-none-eabi/bin/../lib/gcc/arm-none-eabi/13.3.1/../../../../arm-none-eabi/lib/thumb/v6-m/nofp/libgfortran.a(dwarf.o)
 .text.line_search
                0x1000e3d0       0x18 /opt/arm-gnu-toolchain-13.3.rel1-x86_64-arm-none-eabi/bin/../lib/gcc/arm-none-eabi/13.3.1/../../../../arm-none-eabi/lib/thumb/v6-m/nofp/libgfortran.a(dwarf.o)
 .text.abbrev_compare
                0x1000e3e8       0x30 /opt/arm-gnu-toolchain-13.3.rel1-x86_64-arm-none-eabi/bin/../lib/gcc/arm-none-eabi/13.3.1/../../../../arm-none-eabi/lib/thumb/v6-m/nofp/libgfortran.a(dwarf.o)
 .text.report_inlined_functions
                0x1000e418       0xa8 /opt/arm-gnu-toolchain-13.3.rel1-x86_64-arm-none-eabi/bin/../lib/gcc/arm-none-eabi/13.3.1/../../../../arm-none-eabi/lib/thumb/v6-m/nofp/libgfortran.a(dwarf.o)
 .text.lookup_abbrev
                0x1000e4c0       0x80 /opt/arm-gnu-toolchain-13.3.rel1-x86_64-arm-none-eabi/bin/../lib/gcc/arm-none-eabi/13.3.1/../../../../arm-none-eabi/lib/thumb/v6-m/nofp/libgfortran.a(dwarf.o)
 .text.add_function_range
                0x1000e540       0x6c /opt/arm-gnu-toolchain-13.3.rel1-x86_64-arm-none-eabi/bin/../lib/gcc/arm-none-eabi/13.3.1/../../../../arm-none-eabi/lib/thumb/v6-m/nofp/libgfortran.a(dwarf.o)
 .text.add_unit_addr
                0x1000e5ac       0x6c /opt/arm-gnu-toolchain-13.3.rel1-x86_64-arm-none-eabi/bin/../lib/gcc/arm-none-eabi/13.3.1/../../../../arm-none-eabi/lib/thumb/v6-m/nofp/libgfortran.a(dwarf.o)
 .text.free_abbrevs
                0x1000e618       0x64 /opt/arm-gnu-toolchain-13.3.rel1-x86_64-arm-none-eabi/bin/../lib/gcc/arm-none-eabi/13.3.1/../../../../arm-none-eabi/lib/thumb/v6-m/nofp/libgfortran.a(dwarf.o)
 .text.unit_addrs_compare
                0x1000e67c       0x38 /opt/arm-gnu-toolchain-13.3.rel1-x86_64-arm-none-eabi/bin/../lib/gcc/arm-none-eabi/13.3.1/../../../../arm-none-eabi/lib/thumb/v6-m/nofp/libgfortran.a(dwarf.o)
 .text.line_compare
                0x1000e6b4       0x28 /opt/arm-gnu-toolchain-13.3.rel1-x86_64-arm-none-eabi/bin/../lib/gcc/arm-none-eabi/13.3.1/../../../../arm-none-eabi/lib/thumb/v6-m/nofp/libgfortran.a(dwarf.o)
 .text.function_addrs_compare
                0x1000e6dc       0x30 /opt/arm-gnu-toolchain-13.3.rel1-x86_64-arm-none-eabi/bin/../lib/gcc/arm-none-eabi/13.3.1/../../../../arm-none-eabi/lib/thumb/v6-m/nofp/libgfortran.a(dwarf.o)
 .text.add_line.isra.0
                0x1000e70c       0x6c /opt/arm-gnu-toolchain-13.3.rel1-x86_64-arm-none-eabi/bin/../lib/gcc/arm-none-eabi/13.3.1/../../../../arm-none-eabi/lib/thumb/v6-m/nofp/libgfortran.a(dwarf.o)
 .text.update_pcrange.isra.0
                0x1000e778       0x88 /opt/arm-gnu-toolchain-13.3.rel1-x86_64-arm-none-eabi/bin/../lib/gcc/arm-none-eabi/13.3.1/../../../../arm-none-eabi/lib/thumb/v6-m/nofp/libgfortran.a(dwarf.o)
 .text.read_uleb128
                0x1000e800       0xe0 /opt/arm-gnu-toolchain-13.3.rel1-x86_64-arm-none-eabi/bin/../lib/gcc/arm-none-eabi/13.3.1/../../../../arm-none-eabi/lib/thumb/v6-m/nofp/libgfortran.a(dwarf.o)
 .text.read_sleb128
                0x1000e8e0      0x114 /opt/arm-gnu-toolchain-13.3.rel1-x86_64-arm-none-eabi/bin/../lib/gcc/arm-none-eabi/13.3.1/../../../../arm-none-eabi/lib/thumb/v6-m/nofp/libgfortran.a(dwarf.o)
 .text.advance  0x1000e9f4       0x58 /opt/arm-gnu-toolchain-13.3.rel1-x86_64-arm-none-eabi/bin/../lib/gcc/arm-none-eabi/13.3.1/../../../../arm-none-eabi/lib/thumb/v6-m/nofp/libgfortran.a(dwarf.o)
 .text.read_byte
                0x1000ea4c       0x58 /opt/arm-gnu-toolchain-13.3.rel1-x86_64-arm-none-eabi/bin/../lib/gcc/arm-none-eabi/13.3.1/../../../../arm-none-eabi/lib/thumb/v6-m/nofp/libgfortran.a(dwarf.o)
 .text.read_uint16
                0x1000eaa4       0x70 /opt/arm-gnu-toolchain-13.3.rel1-x86_64-arm-none-eabi/bin/../lib/gcc/arm-none-eabi/13.3.1/../../../../arm-none-eabi/lib/thumb/v6-m/nofp/libgfortran.a(dwarf.o)
 .text.read_uint24
                0x1000eb14       0x78 /opt/arm-gnu-toolchain-13.3.rel1-x86_64-arm-none-eabi/bin/../lib/gcc/arm-none-eabi/13.3.1/../../../../arm-none-eabi/lib/thumb/v6-m/nofp/libgfortran.a(dwarf.o)
 .text.read_uint32
                0x1000eb8c       0x84 /opt/arm-gnu-toolchain-13.3.rel1-x86_64-arm-none-eabi/bin/../lib/gcc/arm-none-eabi/13.3.1/../../../../arm-none-eabi/lib/thumb/v6-m/nofp/libgfortran.a(dwarf.o)
 .text.read_uint64
                0x1000ec10       0xb4 /opt/arm-gnu-toolchain-13.3.rel1-x86_64-arm-none-eabi/bin/../lib/gcc/arm-none-eabi/13.3.1/../../../../arm-none-eabi/lib/thumb/v6-m/nofp/libgfortran.a(dwarf.o)
 .text.read_address
                0x1000ecc4       0x68 /opt/arm-gnu-toolchain-13.3.rel1-x86_64-arm-none-eabi/bin/../lib/gcc/arm-none-eabi/13.3.1/../../../../arm-none-eabi/lib/thumb/v6-m/nofp/libgfortran.a(dwarf.o)
 .text.resolve_addr_index.isra.0
                0x1000ed2c       0x84 /opt/arm-gnu-toolchain-13.3.rel1-x86_64-arm-none-eabi/bin/../lib/gcc/arm-none-eabi/13.3.1/../../../../arm-none-eabi/lib/thumb/v6-m/nofp/libgfortran.a(dwarf.o)
 .text.add_ranges
                0x1000edb0      0x48c /opt/arm-gnu-toolchain-13.3.rel1-x86_64-arm-none-eabi/bin/../lib/gcc/arm-none-eabi/13.3.1/../../../../arm-none-eabi/lib/thumb/v6-m/nofp/libgfortran.a(dwarf.o)
 .text.resolve_string
                0x1000f23c       0xe4 /opt/arm-gnu-toolchain-13.3.rel1-x86_64-arm-none-eabi/bin/../lib/gcc/arm-none-eabi/13.3.1/../../../../arm-none-eabi/lib/thumb/v6-m/nofp/libgfortran.a(dwarf.o)
 .text.read_attribute
                0x1000f320      0x498 /opt/arm-gnu-toolchain-13.3.rel1-x86_64-arm-none-eabi/bin/../lib/gcc/arm-none-eabi/13.3.1/../../../../arm-none-eabi/lib/thumb/v6-m/nofp/libgfortran.a(dwarf.o)
 .text.read_line_header_format_entries
                0x1000f7b8      0x270 /opt/arm-gnu-toolchain-13.3.rel1-x86_64-arm-none-eabi/bin/../lib/gcc/arm-none-eabi/13.3.1/../../../../arm-none-eabi/lib/thumb/v6-m/nofp/libgfortran.a(dwarf.o)
 .text.read_referenced_name
                0x1000fa28      0x1e4 /opt/arm-gnu-toolchain-13.3.rel1-x86_64-arm-none-eabi/bin/../lib/gcc/arm-none-eabi/13.3.1/../../../../arm-none-eabi/lib/thumb/v6-m/nofp/libgfortran.a(dwarf.o)
 .text.read_referenced_name_from_attr
                0x1000fc0c       0xc4 /opt/arm-gnu-toolchain-13.3.rel1-x86_64-arm-none-eabi/bin/../lib/gcc/arm-none-eabi/13.3.1/../../../../arm-none-eabi/lib/thumb/v6-m/nofp/libgfortran.a(dwarf.o)
 .text.find_address_ranges
                0x1000fcd0      0x2fc /opt/arm-gnu-toolchain-13.3.rel1-x86_64-arm-none-eabi/bin/../lib/gcc/arm-none-eabi/13.3.1/../../../../arm-none-eabi/lib/thumb/v6-m/nofp/libgfortran.a(dwarf.o)
 .text.read_function_entry
                0x1000ffcc      0x478 /opt/arm-gnu-toolchain-13.3.rel1-x86_64-arm-none-eabi/bin/../lib/gcc/arm-none-eabi/13.3.1/../../../../arm-none-eabi/lib/thumb/v6-m/nofp/libgfortran.a(dwarf.o)
 .text.dwarf_lookup_pc
                0x10010444      0xd8c /opt/arm-gnu-toolchain-13.3.rel1-x86_64-arm-none-eabi/bin/../lib/gcc/arm-none-eabi/13.3.1/../../../../arm-none-eabi/lib/thumb/v6-m/nofp/libgfortran.a(dwarf.o)
 .text.dwarf_fileline
                0x100111d0       0xa8 /opt/arm-gnu-toolchain-13.3.rel1-x86_64-arm-none-eabi/bin/../lib/gcc/arm-none-eabi/13.3.1/../../../../arm-none-eabi/lib/thumb/v6-m/nofp/libgfortran.a(dwarf.o)
 .text.backtrace_dwarf_add
                0x10011278      0x6a0 /opt/arm-gnu-toolchain-13.3.rel1-x86_64-arm-none-eabi/bin/../lib/gcc/arm-none-eabi/13.3.1/../../../../arm-none-eabi/lib/thumb/v6-m/nofp/libgfortran.a(dwarf.o)
                0x10011278                backtrace_dwarf_add
 .text.strdup   0x10011918       0x14 /opt/arm-gnu-toolchain-13.3.rel1-x86_64-arm-none-eabi/bin/../lib/gcc/arm-none-eabi/13.3.1/../../../../arm-none-eabi/lib/thumb/v6-m/nofp/libg.a(libc_a-strdup.o)
                0x10011918                strdup
 .text.getenv   0x1001192c       0x18 /opt/arm-gnu-toolchain-13.3.rel1-x86_64-arm-none-eabi/bin/../lib/gcc/arm-none-eabi/13.3.1/../../../../arm-none-eabi/lib/thumb/v6-m/nofp/libg.a(libc_a-getenv.o)
                0x1001192c                getenv
 .text._strdup_r
                0x10011944       0x28 /opt/arm-gnu-toolchain-13.3.rel1-x86_64-arm-none-eabi/bin/../lib/gcc/arm-none-eabi/13.3.1/../../../../arm-none-eabi/lib/thumb/v6-m/nofp/libg.a(libc_a-strdup_r.o)
                0x10011944                _strdup_r
 .text._findenv_r
                0x1001196c       0x8c /opt/arm-gnu-toolchain-13.3.rel1-x86_64-arm-none-eabi/bin/../lib/gcc/arm-none-eabi/13.3.1/../../../../arm-none-eabi/lib/thumb/v6-m/nofp/libg.a(libc_a-getenv_r.o)
                0x1001196c                _findenv_r
 .text._getenv_r
                0x100119f8       0x10 /opt/arm-gnu-toolchain-13.3.rel1-x86_64-arm-none-eabi/bin/../lib/gcc/arm-none-eabi/13.3.1/../../../../arm-none-eabi/lib/thumb/v6-m/nofp/libg.a(libc_a-getenv_r.o)
                0x100119f8                _getenv_r
 .text._strerror_r
                0x10011a08      0x2b8 /opt/arm-gnu-toolchain-13.3.rel1-x86_64-arm-none-eabi/bin/../lib/gcc/arm-none-eabi/13.3.1/../../../../arm-none-eabi/lib/thumb/v6-m/nofp/libg.a(libc_a-strerror.o)
                0x10011a08                _strerror_r
 .text.strerror
                0x10011cc0       0x18 /opt/arm-gnu-toolchain-13.3.rel1-x86_64-arm-none-eabi/bin/../lib/gcc/arm-none-eabi/13.3.1/../../../../arm-none-eabi/lib/thumb/v6-m/nofp/libg.a(libc_a-strerror.o)
                0x10011cc0                strerror
 .text.strerror_l
                0x10011cd8       0x18 /opt/arm-gnu-toolchain-13.3.rel1-x86_64-arm-none-eabi/bin/../lib/gcc/arm-none-eabi/13.3.1/../../../../arm-none-eabi/lib/thumb/v6-m/nofp/libg.a(libc_a-strerror.o)
                0x10011cd8                strerror_l
 .text._newlocale_r
                0x10011cf0      0x238 /opt/arm-gnu-toolchain-13.3.rel1-x86_64-arm-none-eabi/bin/../lib/gcc/arm-none-eabi/13.3.1/../../../../arm-none-eabi/lib/thumb/v6-m/nofp/libg.a(libc_a-newlocale.o)
                0x10011cf0                _newlocale_r
 .text.newlocale
                0x10011f28       0x18 /opt/arm-gnu-toolchain-13.3.rel1-x86_64-arm-none-eabi/bin/../lib/gcc/arm-none-eabi/13.3.1/../../../../arm-none-eabi/lib/thumb/v6-m/nofp/libg.a(libc_a-newlocale.o)
                0x10011f28                newlocale
 .text.lseek    0x10011f40       0x18 /opt/arm-gnu-toolchain-13.3.rel1-x86_64-arm-none-eabi/bin/../lib/gcc/arm-none-eabi/13.3.1/../../../../arm-none-eabi/lib/thumb/v6-m/nofp/libg.a(libc_a-syslseek.o)
                0x10011f40                lseek
 .text.open     0x10011f58       0x24 /opt/arm-gnu-toolchain-13.3.rel1-x86_64-arm-none-eabi/bin/../lib/gcc/arm-none-eabi/13.3.1/../../../../arm-none-eabi/lib/thumb/v6-m/nofp/libg.a(libc_a-sysopen.o)
                0x10011f58                open
 .text.read     0x10011f7c       0x18 /opt/arm-gnu-toolchain-13.3.rel1-x86_64-arm-none-eabi/bin/../lib/gcc/arm-none-eabi/13.3.1/../../../../arm-none-eabi/lib/thumb/v6-m/nofp/libg.a(libc_a-sysread.o)
                0x10011f7c                read
 .text.raise    0x10011f94       0x5c /opt/arm-gnu-toolchain-13.3.rel1-x86_64-arm-none-eabi/bin/../lib/gcc/arm-none-eabi/13.3.1/../../../../arm-none-eabi/lib/thumb/v6-m/nofp/libg.a(libc_a-signal.o)
                0x10011f94                raise
 .text.signal   0x10011ff0       0x50 /opt/arm-gnu-toolchain-13.3.rel1-x86_64-arm-none-eabi/bin/../lib/gcc/arm-none-eabi/13.3.1/../../../../arm-none-eabi/lib/thumb/v6-m/nofp/libg.a(libc_a-signal.o)
                0x10011ff0                signal
 .text.strlen   0x10012040       0x5c /opt/arm-gnu-toolchain-13.3.rel1-x86_64-arm-none-eabi/bin/../lib/gcc/arm-none-eabi/13.3.1/../../../../arm-none-eabi/lib/thumb/v6-m/nofp/libg.a(libc_a-strlen-stub.o)
                0x10012040                strlen
 .text.strncasecmp
                0x1001209c       0x50 /opt/arm-gnu-toolchain-13.3.rel1-x86_64-arm-none-eabi/bin/../lib/gcc/arm-none-eabi/13.3.1/../../../../arm-none-eabi/lib/thumb/v6-m/nofp/libg.a(libc_a-strncasecmp.o)
                0x1001209c                strncasecmp
 .text.strncmp  0x100120ec       0x74 /opt/arm-gnu-toolchain-13.3.rel1-x86_64-arm-none-eabi/bin/../lib/gcc/arm-none-eabi/13.3.1/../../../../arm-none-eabi/lib/thumb/v6-m/nofp/libg.a(libc_a-strncmp.o)
                0x100120ec                strncmp
 .text.strnlen  0x10012160       0x24 /opt/arm-gnu-toolchain-13.3.rel1-x86_64-arm-none-eabi/bin/../lib/gcc/arm-none-eabi/13.3.1/../../../../arm-none-eabi/lib/thumb/v6-m/nofp/libg.a(libc_a-strnlen.o)
                0x10012160                strnlen
 .text.strrchr  0x10012184       0x2c /opt/arm-gnu-toolchain-13.3.rel1-x86_64-arm-none-eabi/bin/../lib/gcc/arm-none-eabi/13.3.1/../../../../arm-none-eabi/lib/thumb/v6-m/nofp/libg.a(libc_a-strrchr.o)
                0x10012184                strrchr
 .text._lseek_r